Component: ARM Compiler 5.06 update 6 (build 750) Tool: armlink [4d35ed]

==============================================================================

Section Cross References

    system_gd32f10x.o(i.SystemCoreClockUpdate) refers to system_gd32f10x.o(.data) for SystemCoreClock
    system_gd32f10x.o(i.SystemInit) refers to system_gd32f10x.o(i.system_clock_config) for system_clock_config
    system_gd32f10x.o(i.system_clock_config) refers to system_gd32f10x.o(i.system_clock_96m_hxtal) for system_clock_96m_hxtal
    startup_gd32f10x_hd.o(STACK) refers (Special) to heapauxi.o(.text) for __use_two_region_memory
    startup_gd32f10x_hd.o(HEAP) refers (Special) to heapauxi.o(.text) for __use_two_region_memory
    startup_gd32f10x_hd.o(RESET) refers (Special) to heapauxi.o(.text) for __use_two_region_memory
    startup_gd32f10x_hd.o(RESET) refers to startup_gd32f10x_hd.o(STACK) for __initial_sp
    startup_gd32f10x_hd.o(RESET) refers to startup_gd32f10x_hd.o(.text) for Reset_Handler
    startup_gd32f10x_hd.o(RESET) refers to gd32f10x_it.o(i.NMI_Handler) for NMI_Handler
    startup_gd32f10x_hd.o(RESET) refers to gd32f10x_it.o(i.HardFault_Handler) for HardFault_Handler
    startup_gd32f10x_hd.o(RESET) refers to gd32f10x_it.o(i.MemManage_Handler) for MemManage_Handler
    startup_gd32f10x_hd.o(RESET) refers to gd32f10x_it.o(i.BusFault_Handler) for BusFault_Handler
    startup_gd32f10x_hd.o(RESET) refers to gd32f10x_it.o(i.UsageFault_Handler) for UsageFault_Handler
    startup_gd32f10x_hd.o(RESET) refers to gd32f10x_it.o(i.SVC_Handler) for SVC_Handler
    startup_gd32f10x_hd.o(RESET) refers to gd32f10x_it.o(i.DebugMon_Handler) for DebugMon_Handler
    startup_gd32f10x_hd.o(RESET) refers to gd32f10x_it.o(i.PendSV_Handler) for PendSV_Handler
    startup_gd32f10x_hd.o(RESET) refers to gd32f10x_it.o(i.USBD_LP_CAN0_RX0_IRQHandler) for USBD_LP_CAN0_RX0_IRQHandler
    startup_gd32f10x_hd.o(RESET) refers to gd32f10x_it.o(i.EXTI10_15_IRQHandler) for EXTI10_15_IRQHandler
    startup_gd32f10x_hd.o(RESET) refers to gd32f10x_it.o(i.USBD_WKUP_IRQHandler) for USBD_WKUP_IRQHandler
    startup_gd32f10x_hd.o(.text) refers (Special) to heapauxi.o(.text) for __use_two_region_memory
    startup_gd32f10x_hd.o(.text) refers to system_gd32f10x.o(i.SystemInit) for SystemInit
    startup_gd32f10x_hd.o(.text) refers to __main.o(!!!main) for __main
    startup_gd32f10x_hd.o(.text) refers to startup_gd32f10x_hd.o(HEAP) for Heap_Mem
    startup_gd32f10x_hd.o(.text) refers to startup_gd32f10x_hd.o(STACK) for Stack_Mem
    gd32f10x_it.o(i.USBD_LP_CAN0_RX0_IRQHandler) refers to usbd_lld_int.o(i.usbd_isr) for usbd_isr
    gd32f10x_it.o(i.USBD_WKUP_IRQHandler) refers to gd32f10x_exti.o(i.exti_interrupt_flag_clear) for exti_interrupt_flag_clear
    main.o(i.main) refers to gd32f10x_usbd_hw.o(i.rcu_config) for rcu_config
    main.o(i.main) refers to gd32f10x_usbd_hw.o(i.gpio_config) for gpio_config
    main.o(i.main) refers to standard_hid_core.o(i.hid_itfop_register) for hid_itfop_register
    main.o(i.main) refers to usbd_core.o(i.usbd_init) for usbd_init
    main.o(i.main) refers to gd32f10x_usbd_hw.o(i.nvic_config) for nvic_config
    main.o(i.main) refers to hid_keyboard_itf.o(.data) for fop_handler
    main.o(i.main) refers to main.o(.bss) for usb_hid
    main.o(i.main) refers to standard_hid_core.o(.data) for hid_class
    gd32f10x_usbd_hw.o(i.gpio_config) refers to gd32f10x_gpio.o(i.gpio_init) for gpio_init
    gd32f10x_usbd_hw.o(i.gpio_config) refers to gd32f10x_exti.o(i.exti_interrupt_flag_clear) for exti_interrupt_flag_clear
    gd32f10x_usbd_hw.o(i.gpio_config) refers to gd32f10x_exti.o(i.exti_init) for exti_init
    gd32f10x_usbd_hw.o(i.nvic_config) refers to gd32f10x_misc.o(i.nvic_priority_group_set) for nvic_priority_group_set
    gd32f10x_usbd_hw.o(i.nvic_config) refers to gd32f10x_misc.o(i.nvic_irq_enable) for nvic_irq_enable
    gd32f10x_usbd_hw.o(i.rcu_config) refers to gd32f10x_rcu.o(i.rcu_periph_clock_enable) for rcu_periph_clock_enable
    gd32f10x_usbd_hw.o(i.rcu_config) refers to gd32f10x_rcu.o(i.rcu_usb_clock_config) for rcu_usb_clock_config
    hid_keyboard_itf.o(i.hid_key_data_send) refers to key.o(i.data2) for data2
    hid_keyboard_itf.o(i.hid_key_data_send) refers to key.o(i.data3) for data3
    hid_keyboard_itf.o(i.hid_key_data_send) refers to key.o(i.data4) for data4
    hid_keyboard_itf.o(i.hid_key_data_send) refers to key.o(i.data5) for data5
    hid_keyboard_itf.o(i.hid_key_data_send) refers to gd32f10x_gpio.o(i.gpio_input_bit_get) for gpio_input_bit_get
    hid_keyboard_itf.o(i.hid_key_data_send) refers to standard_hid_core.o(i.hid_report_send) for hid_report_send
    hid_keyboard_itf.o(i.hid_key_data_send) refers to hid_keyboard_itf.o(.data) for flag
    hid_keyboard_itf.o(i.key_config) refers to key.o(i.key_all_init) for key_all_init
    hid_keyboard_itf.o(.data) refers to hid_keyboard_itf.o(i.key_config) for key_config
[...]
    Removing gd32f10x_spi.o(i.spi_crc_off), (10 bytes).
    Removing gd32f10x_spi.o(i.spi_crc_on), (10 bytes).
    Removing gd32f10x_spi.o(i.spi_crc_polynomial_get), (8 bytes).
    Removing gd32f10x_spi.o(i.spi_crc_polynomial_set), (12 bytes).
    Removing gd32f10x_spi.o(i.spi_disable), (10 bytes).
    Removing gd32f10x_spi.o(i.spi_dma_disable), (22 bytes).
    Removing gd32f10x_spi.o(i.spi_dma_enable), (22 bytes).
    Removing gd32f10x_spi.o(i.spi_enable), (10 bytes).
    Removing gd32f10x_spi.o(i.spi_i2s_data_frame_format_config), (16 bytes).
    Removing gd32f10x_spi.o(i.spi_i2s_data_receive), (8 bytes).
    Removing gd32f10x_spi.o(i.spi_i2s_data_transmit), (4 bytes).
    Removing gd32f10x_spi.o(i.spi_i2s_deinit), (88 bytes).
    Removing gd32f10x_spi.o(i.spi_i2s_flag_get), (16 bytes).
    Removing gd32f10x_spi.o(i.spi_i2s_interrupt_disable), (8 bytes).
    Removing gd32f10x_spi.o(i.spi_i2s_interrupt_enable), (8 bytes).
    Removing gd32f10x_spi.o(i.spi_i2s_interrupt_flag_get), (100 bytes).
    Removing gd32f10x_spi.o(i.spi_init), (50 bytes).
    Removing gd32f10x_spi.o(i.spi_nss_internal_high), (10 bytes).
    Removing gd32f10x_spi.o(i.spi_nss_internal_low), (10 bytes).
    Removing gd32f10x_spi.o(i.spi_nss_output_disable), (10 bytes).
    Removing gd32f10x_spi.o(i.spi_nss_output_enable), (10 bytes).
    Removing gd32f10x_spi.o(i.spi_struct_para_init), (18 bytes).
    Removing gd32f10x_timer.o(.rev16_text), (4 bytes).
    Removing gd32f10x_timer.o(.revsh_text), (4 bytes).
    Removing gd32f10x_timer.o(i.timer_auto_reload_shadow_disable), (10 bytes).
    Removing gd32f10x_timer.o(i.timer_auto_reload_shadow_enable), (10 bytes).
    Removing gd32f10x_timer.o(i.timer_automatic_output_disable), (10 bytes).
    Removing gd32f10x_timer.o(i.timer_automatic_output_enable), (10 bytes).
    Removing gd32f10x_timer.o(i.timer_autoreload_value_config), (4 bytes).
    Removing gd32f10x_timer.o(i.timer_break_config), (30 bytes).
    Removing gd32f10x_timer.o(i.timer_break_disable), (10 bytes).
    Removing gd32f10x_timer.o(i.timer_break_enable), (10 bytes).
    Removing gd32f10x_timer.o(i.timer_break_struct_para_init), (18 bytes).
    Removing gd32f10x_timer.o(i.timer_channel_capture_value_register_read), (42 bytes).
    Removing gd32f10x_timer.o(i.timer_channel_complementary_output_polarity_config), (70 bytes).
    Removing gd32f10x_timer.o(i.timer_channel_complementary_output_state_config), (70 bytes).
    Removing gd32f10x_timer.o(i.timer_channel_control_shadow_config), (24 bytes).
    Removing gd32f10x_timer.o(i.timer_channel_control_shadow_update_config), (26 bytes).
    Removing gd32f10x_timer.o(i.timer_channel_dma_request_source_select), (26 bytes).
    Removing gd32f10x_timer.o(i.timer_channel_input_capture_prescaler_config), (90 bytes).
    Removing gd32f10x_timer.o(i.timer_channel_input_struct_para_init), (16 bytes).
    Removing gd32f10x_timer.o(i.timer_channel_output_clear_config), (90 bytes).
    Removing gd32f10x_timer.o(i.timer_channel_output_config), (492 bytes).
    Removing gd32f10x_timer.o(i.timer_channel_output_fast_config), (90 bytes).
    Removing gd32f10x_timer.o(i.timer_channel_output_mode_config), (90 bytes).
    Removing gd32f10x_timer.o(i.timer_channel_output_polarity_config), (92 bytes).
    Removing gd32f10x_timer.o(i.timer_channel_output_pulse_value_config), (38 bytes).
    Removing gd32f10x_timer.o(i.timer_channel_output_shadow_config), (90 bytes).
    Removing gd32f10x_timer.o(i.timer_channel_output_state_config), (92 bytes).
    Removing gd32f10x_timer.o(i.timer_channel_output_struct_para_init), (16 bytes).
    Removing gd32f10x_timer.o(i.timer_counter_alignment), (16 bytes).
    Removing gd32f10x_timer.o(i.timer_counter_down_direction), (10 bytes).
    Removing gd32f10x_timer.o(i.timer_counter_read), (8 bytes).
    Removing gd32f10x_timer.o(i.timer_counter_up_direction), (10 bytes).
    Removing gd32f10x_timer.o(i.timer_counter_value_config), (4 bytes).
    Removing gd32f10x_timer.o(i.timer_deinit), (220 bytes).
    Removing gd32f10x_timer.o(i.timer_disable), (10 bytes).
    Removing gd32f10x_timer.o(i.timer_dma_disable), (8 bytes).
    Removing gd32f10x_timer.o(i.timer_dma_enable), (8 bytes).
    Removing gd32f10x_timer.o(i.timer_dma_transfer_config), (24 bytes).
    Removing gd32f10x_timer.o(i.timer_enable), (10 bytes).
    Removing gd32f10x_timer.o(i.timer_event_software_generate), (8 bytes).
    Removing gd32f10x_timer.o(i.timer_external_clock_mode0_config), (40 bytes).
    Removing gd32f10x_timer.o(i.timer_external_clock_mode1_config), (32 bytes).
    Removing gd32f10x_timer.o(i.timer_external_clock_mode1_disable), (10 bytes).
    Removing gd32f10x_timer.o(i.timer_external_trigger_as_external_clock_config), (166 bytes).
    Removing gd32f10x_timer.o(i.timer_external_trigger_config), (30 bytes).
    Removing gd32f10x_timer.o(i.timer_flag_clear), (6 bytes).
    Removing gd32f10x_timer.o(i.timer_flag_get), (16 bytes).
    Removing gd32f10x_timer.o(i.timer_hall_mode_config), (26 bytes).
    Removing gd32f10x_timer.o(i.timer_init), (224 bytes).
    Removing gd32f10x_timer.o(i.timer_input_capture_config), (326 bytes).
    Removing gd32f10x_timer.o(i.timer_input_pwm_capture_config), (356 bytes).
    Removing gd32f10x_timer.o(i.timer_input_trigger_source_select), (16 bytes).
    Removing gd32f10x_timer.o(i.timer_internal_clock_config), (10 bytes).
    Removing gd32f10x_timer.o(i.timer_internal_trigger_as_external_clock_config), (32 bytes).
    Removing gd32f10x_timer.o(i.timer_interrupt_disable), (8 bytes).
    Removing gd32f10x_timer.o(i.timer_interrupt_enable), (8 bytes).
    Removing gd32f10x_timer.o(i.timer_interrupt_flag_clear), (6 bytes).
    Removing gd32f10x_timer.o(i.timer_interrupt_flag_get), (24 bytes).
    Removing gd32f10x_timer.o(i.timer_master_output_trigger_source_select), (16 bytes).
    Removing gd32f10x_timer.o(i.timer_master_slave_mode_config), (26 bytes).
    Removing gd32f10x_timer.o(i.timer_prescaler_config), (16 bytes).
    Removing gd32f10x_timer.o(i.timer_prescaler_read), (10 bytes).
    Removing gd32f10x_timer.o(i.timer_primary_output_config), (24 bytes).
    Removing gd32f10x_timer.o(i.timer_quadrature_decoder_mode_config), (64 bytes).
    Removing gd32f10x_timer.o(i.timer_repetition_value_config), (4 bytes).
    Removing gd32f10x_timer.o(i.timer_single_pulse_mode_config), (26 bytes).
    Removing gd32f10x_timer.o(i.timer_slave_mode_select), (16 bytes).
    Removing gd32f10x_timer.o(i.timer_struct_para_init), (22 bytes).
    Removing gd32f10x_timer.o(i.timer_update_event_disable), (10 bytes).
    Removing gd32f10x_timer.o(i.timer_update_event_enable), (10 bytes).
    Removing gd32f10x_timer.o(i.timer_update_source_config), (26 bytes).
    Removing gd32f10x_usart.o(.rev16_text), (4 bytes).
    Removing gd32f10x_usart.o(.revsh_text), (4 bytes).
    Removing gd32f10x_usart.o(i.usart_address_config), (20 bytes).
    Removing gd32f10x_usart.o(i.usart_baudrate_set), (144 bytes).
    Removing gd32f10x_usart.o(i.usart_data_receive), (10 bytes).
    Removing gd32f10x_usart.o(i.usart_data_transmit), (8 bytes).
    Removing gd32f10x_usart.o(i.usart_deinit), (144 bytes).
    Removing gd32f10x_usart.o(i.usart_disable), (10 bytes).
    Removing gd32f10x_usart.o(i.usart_dma_receive_config), (16 bytes).
    Removing gd32f10x_usart.o(i.usart_dma_transmit_config), (16 bytes).
    Removing gd32f10x_usart.o(i.usart_enable), (10 bytes).
    Removing gd32f10x_usart.o(i.usart_flag_clear), (26 bytes).
    Removing gd32f10x_usart.o(i.usart_flag_get), (30 bytes).
    Removing gd32f10x_usart.o(i.usart_guard_time_config), (24 bytes).
    Removing gd32f10x_usart.o(i.usart_halfduplex_disable), (10 bytes).
    Removing gd32f10x_usart.o(i.usart_halfduplex_enable), (10 bytes).
    Removing gd32f10x_usart.o(i.usart_hardware_flow_cts_config), (16 bytes).
    Removing gd32f10x_usart.o(i.usart_hardware_flow_rts_config), (16 bytes).
    Removing gd32f10x_usart.o(i.usart_interrupt_disable), (26 bytes).
    Removing gd32f10x_usart.o(i.usart_interrupt_enable), (26 bytes).
    Removing gd32f10x_usart.o(i.usart_interrupt_flag_clear), (26 bytes).
    Removing gd32f10x_usart.o(i.usart_interrupt_flag_get), (56 bytes).
    Removing gd32f10x_usart.o(i.usart_irda_lowpower_config), (20 bytes).
    Removing gd32f10x_usart.o(i.usart_irda_mode_disable), (10 bytes).
    Removing gd32f10x_usart.o(i.usart_irda_mode_enable), (10 bytes).
    Removing gd32f10x_usart.o(i.usart_lin_break_detection_length_config), (20 bytes).
    Removing gd32f10x_usart.o(i.usart_lin_mode_disable), (10 bytes).
    Removing gd32f10x_usart.o(i.usart_lin_mode_enable), (10 bytes).
    Removing gd32f10x_usart.o(i.usart_mute_mode_disable), (10 bytes).
    Removing gd32f10x_usart.o(i.usart_mute_mode_enable), (10 bytes).
    Removing gd32f10x_usart.o(i.usart_mute_mode_wakeup_config), (16 bytes).
    Removing gd32f10x_usart.o(i.usart_parity_config), (16 bytes).
    Removing gd32f10x_usart.o(i.usart_prescaler_config), (16 bytes).
    Removing gd32f10x_usart.o(i.usart_receive_config), (16 bytes).
    Removing gd32f10x_usart.o(i.usart_send_break), (10 bytes).
    Removing gd32f10x_usart.o(i.usart_smartcard_mode_disable), (10 bytes).
    Removing gd32f10x_usart.o(i.usart_smartcard_mode_enable), (10 bytes).
    Removing gd32f10x_usart.o(i.usart_smartcard_mode_nack_disable), (10 bytes).
    Removing gd32f10x_usart.o(i.usart_smartcard_mode_nack_enable), (10 bytes).
    Removing gd32f10x_usart.o(i.usart_stop_bit_set), (16 bytes).
    Removing gd32f10x_usart.o(i.usart_synchronous_clock_config), (34 bytes).
    Removing gd32f10x_usart.o(i.usart_synchronous_clock_disable), (10 bytes).
    Removing gd32f10x_usart.o(i.usart_synchronous_clock_enable), (10 bytes).
    Removing gd32f10x_usart.o(i.usart_transmit_config), (16 bytes).
    Removing gd32f10x_usart.o(i.usart_word_length_set), (16 bytes).

324 unused section(s) (total 12838 bytes) removed from the image.

==============================================================================

Image Symbol Table

    Local Symbols

    Symbol Name                              Value     Ov Type        Size  Object(Section)

    ../clib/angel/boardlib.s                 0x00000000   Number         0  boardinit1.o ABSOLUTE
    ../clib/angel/boardlib.s                 0x00000000   Number         0  boardinit2.o ABSOLUTE
    ../clib/angel/boardlib.s                 0x00000000   Number         0  boardinit3.o ABSOLUTE
    ../clib/angel/boardlib.s                 0x00000000   Number         0  boardshut.o ABSOLUTE
    ../clib/angel/dczerorl2.s                0x00000000   Number         0  __dczerorl2.o ABSOLUTE
    ../clib/angel/handlers.s                 0x00000000   Number         0  __scatter_zi.o ABSOLUTE
    ../clib/angel/kernel.s                   0x00000000   Number         0  __rtentry.o ABSOLUTE
    ../clib/angel/kernel.s                   0x00000000   Number         0  rtexit2.o ABSOLUTE
    ../clib/angel/kernel.s                   0x00000000   Number         0  __rtentry2.o ABSOLUTE
    ../clib/angel/kernel.s                   0x00000000   Number         0  __rtentry4.o ABSOLUTE
    ../clib/angel/kernel.s                   0x00000000   Number         0  rtexit.o ABSOLUTE
    ../clib/angel/rt.s                       0x00000000   Number         0  rt_raise.o ABSOLUTE
    ../clib/angel/scatter.s                  0x00000000   Number         0  __scatter.o ABSOLUTE
    ../clib/angel/startup.s                  0x00000000   Number         0  __main.o ABSOLUTE
    ../clib/angel/sys.s                      0x00000000   Number         0  use_no_semi.o ABSOLUTE
    ../clib/angel/sys.s                      0x00000000   Number         0  libspace.o ABSOLUTE
    ../clib/angel/sys.s                      0x00000000   Number         0  sys_stackheap_outer.o ABSOLUTE
    ../clib/angel/sys.s                      0x00000000   Number         0  indicate_semi.o ABSOLUTE
    ../clib/angel/sysapp.c                   0x00000000   Number         0  sys_wrch.o ABSOLUTE
    ../clib/angel/sysapp.c                   0x00000000   Number         0  sys_exit.o ABSOLUTE
    ../clib/angel/sysapp.c                   0x00000000   Number         0  sys_command.o ABSOLUTE
    ../clib/armsys.c                         0x00000000   Number         0  argv_veneer.o ABSOLUTE
    ../clib/armsys.c                         0x00000000   Number         0  argv_veneer.o ABSOLUTE
    ../clib/armsys.c                         0x00000000   Number         0  _get_argv_nomalloc.o ABSOLUTE
    ../clib/armsys.c                         0x00000000   Number         0  no_argv.o ABSOLUTE
    ../clib/heapalloc.c                      0x00000000   Number         0  hrguard.o ABSOLUTE
    ../clib/heapaux.c                        0x00000000   Number         0  heapauxi.o ABSOLUTE
    ../clib/libinit.s                        0x00000000   Number         0  libinit.o ABSOLUTE
    ../clib/libinit.s                        0x00000000   Number         0  libinit2.o ABSOLUTE
    ../clib/libinit.s                        0x00000000   Number         0  libshutdown2.o ABSOLUTE
    ../clib/libinit.s                        0x00000000   Number         0  libshutdown.o ABSOLUTE
    ../clib/memcpset.s                       0x00000000   Number         0  rt_memclr_w.o ABSOLUTE
    ../clib/signal.c                         0x00000000   Number         0  defsig_rtmem_inner.o ABSOLUTE
    ../clib/signal.c                         0x00000000   Number         0  defsig_exit.o ABSOLUTE
    ../clib/signal.c                         0x00000000   Number         0  defsig_rtmem_formal.o ABSOLUTE
    ../clib/signal.c                         0x00000000   Number         0  defsig_rtmem_outer.o ABSOLUTE
    ../clib/signal.c                         0x00000000   Number         0  defsig_cppl_inner.o ABSOLUTE
    ../clib/signal.c                         0x00000000   Number         0  defsig_other.o ABSOLUTE
    ../clib/signal.c                         0x00000000   Number         0  defsig_segv_inner.o ABSOLUTE
    ../clib/signal.c                         0x00000000   Number         0  defsig_pvfn_inner.o ABSOLUTE
    ../clib/signal.c                         0x00000000   Number         0  defsig_stak_inner.o ABSOLUTE
    ../clib/signal.c                         0x00000000   Number         0  defsig_rtred_inner.o ABSOLUTE
    ../clib/signal.c                         0x00000000   Number         0  defsig_fpe_inner.o ABSOLUTE
    ../clib/signal.c                         0x00000000   Number         0  defsig_abrt_inner.o ABSOLUTE
    ../clib/signal.c                         0x00000000   Number         0  defsig_general.o ABSOLUTE
    ../clib/signal.c                         0x00000000   Number         0  __raise.o ABSOLUTE
    ../clib/signal.s                         0x00000000   Number         0  defsig.o ABSOLUTE
    ../clib/stdlib.c                         0x00000000   Number         0  exit.o ABSOLUTE
    ../fplib/fpinit.s                        0x00000000   Number         0  fpinit.o ABSOLUTE
    CMSIS\GD\GD32F10x\Source\ARM\startup_gd32f10x_hd.s 0x00000000   Number         0  startup_gd32f10x_hd.o ABSOLUTE
    CMSIS\GD\GD32F10x\Source\system_gd32f10x.c 0x00000000   Number         0  system_gd32f10x.o ABSOLUTE
    CMSIS\\GD\\GD32F10x\\Source\\system_gd32f10x.c 0x00000000   Number         0  system_gd32f10x.o ABSOLUTE
    GD32F10x_standard_peripheral\Source\gd32f10x_dma.c 0x00000000   Number         0  gd32f10x_dma.o ABSOLUTE
    GD32F10x_standard_peripheral\Source\gd32f10x_exti.c 0x00000000   Number         0  gd32f10x_exti.o ABSOLUTE
    GD32F10x_standard_peripheral\Source\gd32f10x_fmc.c 0x00000000   Number         0  gd32f10x_fmc.o ABSOLUTE
    GD32F10x_standard_peripheral\Source\gd32f10x_gpio.c 0x00000000   Number         0  gd32f10x_gpio.o ABSOLUTE
    GD32F10x_standard_peripheral\Source\gd32f10x_misc.c 0x00000000   Number         0  gd32f10x_misc.o ABSOLUTE
    GD32F10x_standard_peripheral\Source\gd32f10x_pmu.c 0x00000000   Number         0  gd32f10x_pmu.o ABSOLUTE
    GD32F10x_standard_peripheral\Source\gd32f10x_rcu.c 0x00000000   Number         0  gd32f10x_rcu.o ABSOLUTE
    GD32F10x_standard_peripheral\Source\gd32f10x_spi.c 0x00000000   Number         0  gd32f10x_spi.o ABSOLUTE
    GD32F10x_standard_peripheral\Source\gd32f10x_timer.c 0x00000000   Number         0  gd32f10x_timer.o ABSOLUTE
    GD32F10x_standard_peripheral\Source\gd32f10x_usart.c 0x00000000   Number         0  gd32f10x_usart.o ABSOLUTE
    GD32F10x_standard_peripheral\\Source\\gd32f10x_dma.c 0x00000000   Number         0  gd32f10x_dma.o ABSOLUTE
    GD32F10x_standard_peripheral\\Source\\gd32f10x_exti.c 0x00000000   Number         0  gd32f10x_exti.o ABSOLUTE
    GD32F10x_standard_peripheral\\Source\\gd32f10x_fmc.c 0x00000000   Number         0  gd32f10x_fmc.o ABSOLUTE
    GD32F10x_standard_peripheral\\Source\\gd32f10x_gpio.c 0x00000000   Number         0  gd32f10x_gpio.o ABSOLUTE
    GD32F10x_standard_peripheral\\Source\\gd32f10x_misc.c 0x00000000   Number         0  gd32f10x_misc.o ABSOLUTE
    GD32F10x_standard_peripheral\\Source\\gd32f10x_pmu.c 0x00000000   Number         0  gd32f10x_pmu.o ABSOLUTE
    GD32F10x_standard_peripheral\\Source\\gd32f10x_rcu.c 0x00000000   Number         0  gd32f10x_rcu.o ABSOLUTE
    GD32F10x_standard_peripheral\\Source\\gd32f10x_spi.c 0x00000000   Number         0  gd32f10x_spi.o ABSOLUTE
    GD32F10x_standard_peripheral\\Source\\gd32f10x_timer.c 0x00000000   Number         0  gd32f10x_timer.o ABSOLUTE
    GD32F10x_standard_peripheral\\Source\\gd32f10x_usart.c 0x00000000   Number         0  gd32f10x_usart.o ABSOLUTE
    USER\\main.c                             0x00000000   Number         0  main.o ABSOLUTE
    USER\\source\\gd32f10x_it.c              0x00000000   Number         0  gd32f10x_it.o ABSOLUTE
    USER\\source\\gd32f10x_usbd_hw.c         0x00000000   Number         0  gd32f10x_usbd_hw.o ABSOLUTE
    USER\\source\\hid_keyboard_itf.c         0x00000000   Number         0  hid_keyboard_itf.o ABSOLUTE
    USER\\source\\key.c                      0x00000000   Number         0  key.o ABSOLUTE
    USER\main.c                              0x00000000   Number         0  main.o ABSOLUTE
    USER\source\gd32f10x_it.c                0x00000000   Number         0  gd32f10x_it.o ABSOLUTE
    USER\source\gd32f10x_usbd_hw.c           0x00000000   Number         0  gd32f10x_usbd_hw.o ABSOLUTE
    USER\source\hid_keyboard_itf.c           0x00000000   Number         0  hid_keyboard_itf.o ABSOLUTE
    USER\source\key.c                        0x00000000   Number         0  key.o ABSOLUTE
    dc.s                                     0x00000000   Number         0  dc.o ABSOLUTE
    device\Source\usbd_core.c                0x00000000   Number         0  usbd_core.o ABSOLUTE
    device\Source\usbd_enum.c                0x00000000   Number         0  usbd_enum.o ABSOLUTE
    device\Source\usbd_pwr.c                 0x00000000   Number         0  usbd_pwr.o ABSOLUTE
    device\Source\usbd_transc.c              0x00000000   Number         0  usbd_transc.o ABSOLUTE
    device\\Source\\usbd_core.c              0x00000000   Number         0  usbd_core.o ABSOLUTE
    device\\Source\\usbd_enum.c              0x00000000   Number         0  usbd_enum.o ABSOLUTE
    device\\Source\\usbd_pwr.c               0x00000000   Number         0  usbd_pwr.o ABSOLUTE
    device\\Source\\usbd_transc.c            0x00000000   Number         0  usbd_transc.o ABSOLUTE
    hid\Source\standard_hid_core.c           0x00000000   Number         0  standard_hid_core.o ABSOLUTE
    hid\\Source\\standard_hid_core.c         0x00000000   Number         0  standard_hid_core.o ABSOLUTE
    usbd\Source\usbd_lld_core.c              0x00000000   Number         0  usbd_lld_core.o ABSOLUTE
    usbd\Source\usbd_lld_int.c               0x00000000   Number         0  usbd_lld_int.o ABSOLUTE
    usbd\\Source\\usbd_lld_core.c            0x00000000   Number         0  usbd_lld_core.o ABSOLUTE
    usbd\\Source\\usbd_lld_int.c             0x00000000   Number         0  usbd_lld_int.o ABSOLUTE
    RESET                                    0x08000000   Section      304  startup_gd32f10x_hd.o(RESET)
    !!!main                                  0x08000130   Section        8  __main.o(!!!main)
    !!!scatter                               0x08000138   Section       52  __scatter.o(!!!scatter)
    !!dczerorl2                              0x0800016c   Section       90  __dczerorl2.o(!!dczerorl2)
    !!handler_zi                             0x080001c8   Section       28  __scatter_zi.o(!!handler_zi)
    .ARM.Collect$$libinit$$00000000          0x080001e4   Section        2  libinit.o(.ARM.Collect$$libinit$$00000000)
    .ARM.Collect$$libinit$$00000002          0x080001e6   Section        0  libinit2.o(.ARM.Collect$$libinit$$00000002)
    .ARM.Collect$$libinit$$00000004          0x080001e6   Section        0  libinit2.o(.ARM.Collect$$libinit$$00000004)
    .ARM.Collect$$libinit$$0000000A          0x080001e6   Section        0  libinit2.o(.ARM.Collect$$libinit$$0000000A)
    .ARM.Collect$$libinit$$0000000C          0x080001e6   Section        0  libinit2.o(.ARM.Collect$$libinit$$0000000C)
    .ARM.Collect$$libinit$$0000000E          0x080001e6   Section        0  libinit2.o(.ARM.Collect$$libinit$$0000000E)
    .ARM.Collect$$libinit$$00000011          0x080001e6   Section        0  libinit2.o(.ARM.Collect$$libinit$$00000011)
    .ARM.Collect$$libinit$$00000013          0x080001e6   Section        0  libinit2.o(.ARM.Collect$$libinit$$00000013)
    .ARM.Collect$$libinit$$00000015          0x080001e6   Section        0  libinit2.o(.ARM.Collect$$libinit$$00000015)
    .ARM.Collect$$libinit$$00000017          0x080001e6   Section        0  libinit2.o(.ARM.Collect$$libinit$$00000017)
    .ARM.Collect$$libinit$$00000019          0x080001e6   Section        0  libinit2.o(.ARM.Collect$$libinit$$00000019)
    .ARM.Collect$$libinit$$0000001B          0x080001e6   Section        0  libinit2.o(.ARM.Collect$$libinit$$0000001B)
    .ARM.Collect$$libinit$$0000001D          0x080001e6   Section        0  libinit2.o(.ARM.Collect$$libinit$$0000001D)
    .ARM.Collect$$libinit$$0000001F          0x080001e6   Section        0  libinit2.o(.ARM.Collect$$libinit$$0000001F)
    .ARM.Collect$$libinit$$00000021          0x080001e6   Section        0  libinit2.o(.ARM.Collect$$libinit$$00000021)
    .ARM.Collect$$libinit$$00000023          0x080001e6   Section        0  libinit2.o(.ARM.Collect$$libinit$$00000023)
    .ARM.Collect$$libinit$$00000025          0x080001e6   Section        0  libinit2.o(.ARM.Collect$$libinit$$00000025)
    .ARM.Collect$$libinit$$0000002C          0x080001e6   Section        0  libinit2.o(.ARM.Collect$$libinit$$0000002C)
    .ARM.Collect$$libinit$$0000002E          0x080001e6   Section        0  libinit2.o(.ARM.Collect$$libinit$$0000002E)
    .ARM.Collect$$libinit$$00000030          0x080001e6   Section        0  libinit2.o(.ARM.Collect$$libinit$$00000030)
    .ARM.Collect$$libinit$$00000032          0x080001e6   Section        0  libinit2.o(.ARM.Collect$$libinit$$00000032)
    .ARM.Collect$$libinit$$00000033          0x080001e6   Section        2  libinit2.o(.ARM.Collect$$libinit$$00000033)
    .ARM.Collect$$libshutdown$$00000000      0x080001e8   Section        2  libshutdown.o(.ARM.Collect$$libshutdown$$00000000)
    .ARM.Collect$$libshutdown$$00000002      0x080001ea   Section        0  libshutdown2.o(.ARM.Collect$$libshutdown$$00000002)
    .ARM.Collect$$libshutdown$$00000004      0x080001ea   Section        0  libshutdown2.o(.ARM.Collect$$libshutdown$$00000004)
    .ARM.Collect$$libshutdown$$00000007      0x080001ea   Section        0  libshutdown2.o(.ARM.Collect$$libshutdown$$00000007)
    .ARM.Collect$$libshutdown$$0000000A      0x080001ea   Section        0  libshutdown2.o(.ARM.Collect$$libshutdown$$0000000A)
    .ARM.Collect$$libshutdown$$0000000C      0x080001ea   Section        0  libshutdown2.o(.ARM.Collect$$libshutdown$$0000000C)
    .ARM.Collect$$libshutdown$$0000000F      0x080001ea   Section        0  libshutdown2.o(.ARM.Collect$$libshutdown$$0000000F)
    .ARM.Collect$$libshutdown$$00000010      0x080001ea   Section        2  libshutdown2.o(.ARM.Collect$$libshutdown$$00000010)
    .ARM.Collect$$rtentry$$00000000          0x080001ec   Section        0  __rtentry.o(.ARM.Collect$$rtentry$$00000000)
    .ARM.Collect$$rtentry$$00000002          0x080001ec   Section        0  __rtentry2.o(.ARM.Collect$$rtentry$$00000002)
    .ARM.Collect$$rtentry$$00000004          0x080001ec   Section        6  __rtentry4.o(.ARM.Collect$$rtentry$$00000004)
    .ARM.Collect$$rtentry$$00000009          0x080001f2   Section        0  __rtentry2.o(.ARM.Collect$$rtentry$$00000009)
    .ARM.Collect$$rtentry$$0000000A          0x080001f2   Section        4  __rtentry2.o(.ARM.Collect$$rtentry$$0000000A)
    .ARM.Collect$$rtentry$$0000000C          0x080001f6   Section        0  __rtentry2.o(.ARM.Collect$$rtentry$$0000000C)
    .ARM.Collect$$rtentry$$0000000D          0x080001f6   Section        8  __rtentry2.o(.ARM.Collect$$rtentry$$0000000D)
    .ARM.Collect$$rtexit$$00000000           0x080001fe   Section        2  rtexit.o(.ARM.Collect$$rtexit$$00000000)
    .ARM.Collect$$rtexit$$00000002           0x08000200   Section        0  rtexit2.o(.ARM.Collect$$rtexit$$00000002)
    .ARM.Collect$$rtexit$$00000003           0x08000200   Section        4  rtexit2.o(.ARM.Collect$$rtexit$$00000003)
    .ARM.Collect$$rtexit$$00000004           0x08000204   Section        6  rtexit2.o(.ARM.Collect$$rtexit$$00000004)
    .text                                    0x0800020c   Section       64  startup_gd32f10x_hd.o(.text)
    .text                                    0x0800024c   Section       78  rt_memclr_w.o(.text)
    .text                                    0x0800029a   Section        0  heapauxi.o(.text)
    .text                                    0x080002a0   Section       74  sys_stackheap_outer.o(.text)
    .text                                    0x080002ea   Section        0  exit.o(.text)
    .text                                    0x080002fc   Section        8  libspace.o(.text)
    .text                                    0x08000304   Section        0  sys_exit.o(.text)
    .text                                    0x08000310   Section        2  use_no_semi.o(.text)
    .text                                    0x08000312   Section        0  indicate_semi.o(.text)
    i.BusFault_Handler                       0x08000312   Section        0  gd32f10x_it.o(i.BusFault_Handler)
    i.DebugMon_Handler                       0x08000316   Section        0  gd32f10x_it.o(i.DebugMon_Handler)
    i.EXTI10_15_IRQHandler                   0x08000318   Section        0  gd32f10x_it.o(i.EXTI10_15_IRQHandler)
    i.HardFault_Handler                      0x0800031a   Section        0  gd32f10x_it.o(i.HardFault_Handler)
    i.MemManage_Handler                      0x0800031e   Section        0  gd32f10x_it.o(i.MemManage_Handler)
    i.NMI_Handler                            0x08000322   Section        0  gd32f10x_it.o(i.NMI_Handler)
    i.PendSV_Handler                         0x08000324   Section        0  gd32f10x_it.o(i.PendSV_Handler)
    i.SVC_Handler                            0x08000326   Section        0  gd32f10x_it.o(i.SVC_Handler)
    i.SystemInit                             0x08000328   Section        0  system_gd32f10x.o(i.SystemInit)
    i.USBD_LP_CAN0_RX0_IRQHandler            0x0800038c   Section        0  gd32f10x_it.o(i.USBD_LP_CAN0_RX0_IRQHandler)
    i.USBD_WKUP_IRQHandler                   0x08000394   Section        0  gd32f10x_it.o(i.USBD_WKUP_IRQHandler)
    i.UsageFault_Handler                     0x080003a0   Section        0  gd32f10x_it.o(i.UsageFault_Handler)
    i._usb_bos_desc_get                      0x080003a4   Section        0  usbd_enum.o(i._usb_bos_desc_get)
    _usb_bos_desc_get                        0x080003a5   Thumb Code    42  usbd_enum.o(i._usb_bos_desc_get)
    i._usb_config_desc_get                   0x080003ce   Section        0  usbd_enum.o(i._usb_config_desc_get)
    _usb_config_desc_get                     0x080003cf   Thumb Code    28  usbd_enum.o(i._usb_config_desc_get)
    i._usb_dev_desc_get                      0x080003ea   Section        0  usbd_enum.o(i._usb_dev_desc_get)
    _usb_dev_desc_get                        0x080003eb   Thumb Code    16  usbd_enum.o(i._usb_dev_desc_get)
    i._usb_in0_transc                        0x080003fa   Section        0  usbd_transc.o(i._usb_in0_transc)
    i._usb_out0_transc                       0x08000462   Section        0  usbd_transc.o(i._usb_out0_transc)
    i._usb_setup_transc                      0x080004b4   Section        0  usbd_transc.o(i._usb_setup_transc)
    i._usb_std_clearfeature                  0x08000568   Section        0  usbd_enum.o(i._usb_std_clearfeature)
    _usb_std_clearfeature                    0x08000569   Thumb Code   138  usbd_enum.o(i._usb_std_clearfeature)
    i._usb_std_getconfiguration              0x080005f2   Section        0  usbd_enum.o(i._usb_std_getconfiguration)
    _usb_std_getconfiguration                0x080005f3   Thumb Code    60  usbd_enum.o(i._usb_std_getconfiguration)
    i._usb_std_getdescriptor                 0x08000630   Section        0  usbd_enum.o(i._usb_std_getdescriptor)
    _usb_std_getdescriptor                   0x08000631   Thumb Code   266  usbd_enum.o(i._usb_std_getdescriptor)
    i._usb_std_getinterface                  0x08000740   Section        0  usbd_enum.o(i._usb_std_getinterface)
    _usb_std_getinterface                    0x08000741   Thumb Code    62  usbd_enum.o(i._usb_std_getinterface)
    i._usb_std_getstatus                     0x08000780   Section        0  usbd_enum.o(i._usb_std_getstatus)
    _usb_std_getstatus                       0x08000781   Thumb Code   192  usbd_enum.o(i._usb_std_getstatus)
    i._usb_std_reserved                      0x08000844   Section        0  usbd_enum.o(i._usb_std_reserved)
    _usb_std_reserved                        0x08000845   Thumb Code     6  usbd_enum.o(i._usb_std_reserved)
    i._usb_std_setaddress                    0x0800084a   Section        0  usbd_enum.o(i._usb_std_setaddress)
    _usb_std_setaddress                      0x0800084b   Thumb Code    46  usbd_enum.o(i._usb_std_setaddress)
    i._usb_std_setconfiguration              0x08000878   Section        0  usbd_enum.o(i._usb_std_setconfiguration)
    _usb_std_setconfiguration                0x08000879   Thumb Code   152  usbd_enum.o(i._usb_std_setconfiguration)
    i._usb_std_setdescriptor                 0x08000914   Section        0  usbd_enum.o(i._usb_std_setdescriptor)
    _usb_std_setdescriptor                   0x08000915   Thumb Code     6  usbd_enum.o(i._usb_std_setdescriptor)
    i._usb_std_setfeature                    0x0800091a   Section        0  usbd_enum.o(i._usb_std_setfeature)
    _usb_std_setfeature                      0x0800091b   Thumb Code   138  usbd_enum.o(i._usb_std_setfeature)
    i._usb_std_setinterface                  0x080009a4   Section        0  usbd_enum.o(i._usb_std_setinterface)
    _usb_std_setinterface                    0x080009a5   Thumb Code    62  usbd_enum.o(i._usb_std_setinterface)
    i._usb_std_synchframe                    0x080009e2   Section        0  usbd_enum.o(i._usb_std_synchframe)
    _usb_std_synchframe                      0x080009e3   Thumb Code     6  usbd_enum.o(i._usb_std_synchframe)
    i._usb_str_desc_get                      0x080009e8   Section        0  usbd_enum.o(i._usb_str_desc_get)
    _usb_str_desc_get                        0x080009e9   Thumb Code    18  usbd_enum.o(i._usb_str_desc_get)
    i.data2                                  0x080009fc   Section        0  key.o(i.data2)
    i.data3                                  0x08000a24   Section        0  key.o(i.data3)
    i.data4                                  0x08000a4c   Section        0  key.o(i.data4)
    i.data5                                  0x08000a74   Section        0  key.o(i.data5)
    i.exti_init                              0x08000ab0   Section        0  gd32f10x_exti.o(i.exti_init)
    i.exti_interrupt_flag_clear              0x08000b6c   Section        0  gd32f10x_exti.o(i.exti_interrupt_flag_clear)
    i.gpio_bit_reset                         0x08000b78   Section        0  gd32f10x_gpio.o(i.gpio_bit_reset)
    i.gpio_bit_set                           0x08000b7c   Section        0  gd32f10x_gpio.o(i.gpio_bit_set)
    i.gpio_config                            0x08000b80   Section        0  gd32f10x_usbd_hw.o(i.gpio_config)
    i.gpio_init                              0x08000bac   Section        0  gd32f10x_gpio.o(i.gpio_init)
    i.gpio_input_bit_get                     0x08000c58   Section        0  gd32f10x_gpio.o(i.gpio_input_bit_get)
    i.hid_data_in_handler                    0x08000c68   Section        0  standard_hid_core.o(i.hid_data_in_handler)
    hid_data_in_handler                      0x08000c69   Thumb Code    38  standard_hid_core.o(i.hid_data_in_handler)
    i.hid_deinit                             0x08000c8e   Section        0  standard_hid_core.o(i.hid_deinit)
    hid_deinit                               0x08000c8f   Thumb Code    24  standard_hid_core.o(i.hid_deinit)
    i.hid_init                               0x08000ca8   Section        0  standard_hid_core.o(i.hid_init)
    hid_init                                 0x08000ca9   Thumb Code    72  standard_hid_core.o(i.hid_init)
    i.hid_itfop_register                     0x08000cfc   Section        0  standard_hid_core.o(i.hid_itfop_register)
    i.hid_key_data_send                      0x08000d0c   Section        0  hid_keyboard_itf.o(i.hid_key_data_send)
    hid_key_data_send                        0x08000d0d   Thumb Code   176  hid_keyboard_itf.o(i.hid_key_data_send)
    i.hid_report_send                        0x08000dc8   Section        0  standard_hid_core.o(i.hid_report_send)
    i.hid_req_handler                        0x08000dec   Section        0  standard_hid_core.o(i.hid_req_handler)
    hid_req_handler                          0x08000ded   Thumb Code   180  standard_hid_core.o(i.hid_req_handler)
    i.int_to_unicode                         0x08000ea8   Section        0  usbd_enum.o(i.int_to_unicode)
    int_to_unicode                           0x08000ea9   Thumb Code    62  usbd_enum.o(i.int_to_unicode)
    i.key_all_init                           0x08000ee8   Section        0  key.o(i.key_all_init)
    i.key_config                             0x08001000   Section        0  hid_keyboard_itf.o(i.key_config)
    key_config                               0x08001001   Thumb Code     8  hid_keyboard_itf.o(i.key_config)
    i.lowpower_mode_exit                     0x08001008   Section        0  usbd_lld_core.o(i.lowpower_mode_exit)
    lowpower_mode_exit                       0x08001009   Thumb Code    62  usbd_lld_core.o(i.lowpower_mode_exit)
    i.main                                   0x08001048   Section        0  main.o(i.main)
    i.nvic_config                            0x080010a0   Section        0  gd32f10x_usbd_hw.o(i.nvic_config)
    i.nvic_irq_enable                        0x080010c0   Section        0  gd32f10x_misc.o(i.nvic_irq_enable)
    i.nvic_priority_group_set                0x0800116c   Section        0  gd32f10x_misc.o(i.nvic_priority_group_set)
    i.pmu_to_deepsleepmode                   0x08001180   Section        0  gd32f10x_pmu.o(i.pmu_to_deepsleepmode)
    i.rcu_config                             0x08001244   Section        0  gd32f10x_usbd_hw.o(i.rcu_config)
    i.rcu_flag_get                           0x08001268   Section        0  gd32f10x_rcu.o(i.rcu_flag_get)
    i.rcu_osci_on                            0x0800128c   Section        0  gd32f10x_rcu.o(i.rcu_osci_on)
    i.rcu_periph_clock_enable                0x080012ac   Section        0  gd32f10x_rcu.o(i.rcu_periph_clock_enable)
    i.rcu_system_clock_source_config         0x080012cc   Section        0  gd32f10x_rcu.o(i.rcu_system_clock_source_config)
    i.rcu_system_clock_source_get            0x080012e4   Section        0  gd32f10x_rcu.o(i.rcu_system_clock_source_get)
    i.rcu_usb_clock_config                   0x080012f4   Section        0  gd32f10x_rcu.o(i.rcu_usb_clock_config)
    i.serial_string_get                      0x0800130c   Section        0  usbd_enum.o(i.serial_string_get)
    i.system_clock_96m_hxtal                 0x0800135c   Section        0  system_gd32f10x.o(i.system_clock_96m_hxtal)
    system_clock_96m_hxtal                   0x0800135d   Thumb Code   182  system_gd32f10x.o(i.system_clock_96m_hxtal)
    i.system_clock_config                    0x08001420   Section        0  system_gd32f10x.o(i.system_clock_config)
    system_clock_config                      0x08001421   Thumb Code     8  system_gd32f10x.o(i.system_clock_config)
    i.system_lowpower_reset                  0x08001428   Section        0  gd32f10x_misc.o(i.system_lowpower_reset)
    i.usb_ctl_status_in                      0x08001438   Section        0  usbd_transc.o(i.usb_ctl_status_in)
    usb_ctl_status_in                        0x08001439   Thumb Code    22  usbd_transc.o(i.usb_ctl_status_in)
    i.usb_stall_transc                       0x0800144e   Section        0  usbd_transc.o(i.usb_stall_transc)
    usb_stall_transc                         0x0800144f   Thumb Code    20  usbd_transc.o(i.usb_stall_transc)
    i.usb_transc_config                      0x08001462   Section        0  usbd_core.o(i.usb_transc_config)
    usb_transc_config                        0x08001463   Thumb Code     8  usbd_core.o(i.usb_transc_config)
    i.usb_transc_config                      0x0800146a   Section        0  usbd_enum.o(i.usb_transc_config)
    usb_transc_config                        0x0800146b   Thumb Code     8  usbd_enum.o(i.usb_transc_config)
    i.usb_transc_config                      0x08001472   Section        0  standard_hid_core.o(i.usb_transc_config)
    usb_transc_config                        0x08001473   Thumb Code     8  standard_hid_core.o(i.usb_transc_config)
    i.usbd_address_set                       0x0800147c   Section        0  usbd_lld_core.o(i.usbd_address_set)
    usbd_address_set                         0x0800147d   Thumb Code    12  usbd_lld_core.o(i.usbd_address_set)
    i.usbd_class_request                     0x0800148c   Section        0  usbd_enum.o(i.usbd_class_request)
    i.usbd_core_reset                        0x080014b0   Section        0  usbd_lld_core.o(i.usbd_core_reset)
    usbd_core_reset                          0x080014b1   Thumb Code    34  usbd_lld_core.o(i.usbd_core_reset)
    i.usbd_core_stop                         0x080014d8   Section        0  usbd_lld_core.o(i.usbd_core_stop)
    usbd_core_stop                           0x080014d9   Thumb Code    20  usbd_lld_core.o(i.usbd_core_stop)
    i.usbd_dp_pullup                         0x080014f0   Section        0  usbd_lld_core.o(i.usbd_dp_pullup)
    usbd_dp_pullup                           0x080014f1   Thumb Code    30  usbd_lld_core.o(i.usbd_dp_pullup)
    i.usbd_ep_data_read                      0x08001514   Section        0  usbd_lld_core.o(i.usbd_ep_data_read)
    usbd_ep_data_read                        0x08001515   Thumb Code   148  usbd_lld_core.o(i.usbd_ep_data_read)
    i.usbd_ep_data_write                     0x080015b4   Section        0  usbd_lld_core.o(i.usbd_ep_data_write)
    usbd_ep_data_write                       0x080015b5   Thumb Code    84  usbd_lld_core.o(i.usbd_ep_data_write)
    i.usbd_ep_disable                        0x08001614   Section        0  usbd_lld_core.o(i.usbd_ep_disable)
    usbd_ep_disable                          0x08001615   Thumb Code   178  usbd_lld_core.o(i.usbd_ep_disable)
    i.usbd_ep_reset                          0x080016cc   Section        0  usbd_lld_core.o(i.usbd_ep_reset)
    usbd_ep_reset                            0x080016cd   Thumb Code   142  usbd_lld_core.o(i.usbd_ep_reset)
    i.usbd_ep_rx_enable                      0x08001768   Section        0  usbd_lld_core.o(i.usbd_ep_rx_enable)
    usbd_ep_rx_enable                        0x08001769   Thumb Code    42  usbd_lld_core.o(i.usbd_ep_rx_enable)
    i.usbd_ep_send                           0x08001798   Section        0  usbd_core.o(i.usbd_ep_send)
    i.usbd_ep_setup                          0x080017e4   Section        0  usbd_lld_core.o(i.usbd_ep_setup)
    usbd_ep_setup                            0x080017e5   Thumb Code   620  usbd_lld_core.o(i.usbd_ep_setup)
    i.usbd_ep_stall_clear                    0x08001a5c   Section        0  usbd_lld_core.o(i.usbd_ep_stall_clear)
    usbd_ep_stall_clear                      0x08001a5d   Thumb Code   244  usbd_lld_core.o(i.usbd_ep_stall_clear)
    i.usbd_ep_stall_set                      0x08001b54   Section        0  usbd_lld_core.o(i.usbd_ep_stall_set)
    usbd_ep_stall_set                        0x08001b55   Thumb Code   156  usbd_lld_core.o(i.usbd_ep_stall_set)
    i.usbd_ep_status                         0x08001bf8   Section        0  usbd_lld_core.o(i.usbd_ep_status)
    usbd_ep_status                           0x08001bf9   Thumb Code    32  usbd_lld_core.o(i.usbd_ep_status)
    i.usbd_ep_status_get                     0x08001c1c   Section        0  usbd_lld_core.o(i.usbd_ep_status_get)
    usbd_ep_status_get                       0x08001c1d   Thumb Code    20  usbd_lld_core.o(i.usbd_ep_status_get)
    i.usbd_ep_status_get                     0x08001c30   Section        0  usbd_enum.o(i.usbd_ep_status_get)
    usbd_ep_status_get                       0x08001c31   Thumb Code    20  usbd_enum.o(i.usbd_ep_status_get)
    i.usbd_init                              0x08001c44   Section        0  usbd_core.o(i.usbd_init)
    i.usbd_int_suspend                       0x08001cb0   Section        0  usbd_lld_int.o(i.usbd_int_suspend)
    usbd_int_suspend                         0x08001cb1   Thumb Code    34  usbd_lld_int.o(i.usbd_int_suspend)
    i.usbd_isr                               0x08001cd4   Section        0  usbd_lld_int.o(i.usbd_isr)
    i.usbd_leave_suspend                     0x08001f4c   Section        0  usbd_lld_core.o(i.usbd_leave_suspend)
    usbd_leave_suspend                       0x08001f4d   Thumb Code    32  usbd_lld_core.o(i.usbd_leave_suspend)
    i.usbd_resume                            0x08001f70   Section        0  usbd_lld_core.o(i.usbd_resume)
    usbd_resume                              0x08001f71   Thumb Code    24  usbd_lld_core.o(i.usbd_resume)
    i.usbd_standard_request                  0x08001f90   Section        0  usbd_enum.o(i.usbd_standard_request)
    i.usbd_suspend                           0x08001fac   Section        0  usbd_lld_core.o(i.usbd_suspend)
    usbd_suspend                             0x08001fad   Thumb Code    58  usbd_lld_core.o(i.usbd_suspend)
    i.usbd_vendor_request                    0x08001fec   Section        0  usbd_enum.o(i.usbd_vendor_request)
    .constdata                               0x08001ff4   Section       16  usbd_lld_core.o(.constdata)
    ep_type                                  0x08001ff4   Data          16  usbd_lld_core.o(.constdata)
    .constdata                               0x08002004   Section       46  standard_hid_core.o(.constdata)
    .data                                    0x20000000   Section        9  hid_keyboard_itf.o(.data)
    flag                                     0x20000008   Data           1  hid_keyboard_itf.o(.data)
    .data                                    0x2000000c   Section       72  usbd_lld_core.o(.data)
    .data                                    0x20000054   Section        4  usbd_core.o(.data)
    .data                                    0x20000058   Section       67  usbd_enum.o(.data)
    _std_dev_req                             0x20000058   Data          52  usbd_enum.o(.data)
    std_desc_get                             0x2000008c   Data          12  usbd_enum.o(.data)
    status                                   0x20000098   Data           2  usbd_enum.o(.data)
    config                                   0x2000009a   Data           1  usbd_enum.o(.data)
    .data                                    0x2000009c   Section      520  standard_hid_core.o(.data)
    usbd_language_id_desc                    0x200000d7   Data           4  standard_hid_core.o(.data)
    manufacturer_string                      0x200000db   Data         130  standard_hid_core.o(.data)
    product_string                           0x2000015d   Data         130  standard_hid_core.o(.data)
    serial_string                            0x200001df   Data         130  standard_hid_core.o(.data)
    usbd_hid_strings                         0x20000264   Data          16  standard_hid_core.o(.data)
    .bss                                     0x200002a4   Section      120  main.o(.bss)
    .bss                                     0x2000031c   Section       20  standard_hid_core.o(.bss)
    hid_handler                              0x2000031c   Data          20  standard_hid_core.o(.bss)
    .bss                                     0x20000330   Section       16  gd32f10x_pmu.o(.bss)
    reg_snap                                 0x20000330   Data          16  gd32f10x_pmu.o(.bss)
    .bss                                     0x20000340   Section       96  libspace.o(.bss)
    HEAP                                     0x200003a0   Section      512  startup_gd32f10x_hd.o(HEAP)
    Heap_Mem                                 0x200003a0   Data         512  startup_gd32f10x_hd.o(HEAP)
    STACK                                    0x200005a0   Section     1024  startup_gd32f10x_hd.o(STACK)
    Stack_Mem                                0x200005a0   Data        1024  startup_gd32f10x_hd.o(STACK)
    __initial_sp                             0x200009a0   Data           0  startup_gd32f10x_hd.o(STACK)
    .ARM.__AT_0x40006000                     0x40006000   Section       32  usbd_lld_core.o(.ARM.__AT_0x40006000)
    btable_ep                                0x40006000   Data          32  usbd_lld_core.o(.ARM.__AT_0x40006000)

    Global Symbols

    Symbol Name                              Value     Ov Type        Size  Object(Section)

    BuildAttributes$$THM_ISAv4$P$D$K$B$S$PE$A:L22UL41UL21$X:L11$S22US41US21$IEEE1$IW$USESV6$~STKCKD$USESV7$~SHL$OSPACE$ROPI$EBA8$UX$STANDARDLIB$REQ8$PRES8$EABIv2 0x00000000   Number         0  anon$$obj.o ABSOLUTE
    __ARM_use_no_argv                        0x00000000   Number         0  main.o ABSOLUTE
    __ARM_exceptions_init                     - Undefined Weak Reference
    __alloca_initialize                       - Undefined Weak Reference
    __arm_preinit_                            - Undefined Weak Reference
    __cpp_initialize__aeabi_                  - Undefined Weak Reference
    __cxa_finalize                            - Undefined Weak Reference
    __rt_locale                               - Undefined Weak Reference
    __sigvec_lookup                           - Undefined Weak Reference
    _atexit_init                              - Undefined Weak Reference
    _call_atexit_fns                          - Undefined Weak Reference
    _clock_init                               - Undefined Weak Reference
    _fp_trap_init                             - Undefined Weak Reference
    _fp_trap_shutdown                         - Undefined Weak Reference
    _get_lc_collate                           - Undefined Weak Reference
    _get_lc_ctype                             - Undefined Weak Reference
    _get_lc_monetary                          - Undefined Weak Reference
    _get_lc_numeric                           - Undefined Weak Reference
    _get_lc_time                              - Undefined Weak Reference
    _getenv_init                              - Undefined Weak Reference
    _handle_redirection                       - Undefined Weak Reference
    _init_alloc                               - Undefined Weak Reference
    _init_user_alloc                          - Undefined Weak Reference
    _initio                                   - Undefined Weak Reference
    _rand_init                                - Undefined Weak Reference
    _signal_finish                            - Undefined Weak Reference
    _signal_init                              - Undefined Weak Reference
    _terminate_alloc                          - Undefined Weak Reference
    _terminate_user_alloc                     - Undefined Weak Reference
    _terminateio                              - Undefined Weak Reference
    __Vectors_Size                           0x00000130   Number         0  startup_gd32f10x_hd.o ABSOLUTE
    __Vectors                                0x08000000   Data           4  startup_gd32f10x_hd.o(RESET)
    __Vectors_End                            0x08000130   Data           0  startup_gd32f10x_hd.o(RESET)
    __main                                   0x08000131   Thumb Code     8  __main.o(!!!main)
    __scatterload                            0x08000139   Thumb Code     0  __scatter.o(!!!scatter)
    __scatterload_rt2                        0x08000139   Thumb Code    44  __scatter.o(!!!scatter)
    __scatterload_rt2_thumb_only             0x08000139   Thumb Code     0  __scatter.o(!!!scatter)
    __scatterload_null                       0x08000147   Thumb Code     0  __scatter.o(!!!scatter)
    __decompress                             0x0800016d   Thumb Code    90  __dczerorl2.o(!!dczerorl2)
    __decompress1                            0x0800016d   Thumb Code     0  __dczerorl2.o(!!dczerorl2)
    __scatterload_zeroinit                   0x080001c9   Thumb Code    28  __scatter_zi.o(!!handler_zi)
    __rt_lib_init                            0x080001e5   Thumb Code     0  libinit.o(.ARM.Collect$$libinit$$00000000)
    __rt_lib_init_alloca_1                   0x080001e7   Thumb Code     0  libinit2.o(.ARM.Collect$$libinit$$0000002E)
    __rt_lib_init_argv_1                     0x080001e7   Thumb Code     0  libinit2.o(.ARM.Collect$$libinit$$0000002C)
    __rt_lib_init_atexit_1                   0x080001e7   Thumb Code     0  libinit2.o(.ARM.Collect$$libinit$$0000001B)
    __rt_lib_init_clock_1                    0x080001e7   Thumb Code     0  libinit2.o(.ARM.Collect$$libinit$$00000021)
    __rt_lib_init_cpp_1                      0x080001e7   Thumb Code     0  libinit2.o(.ARM.Collect$$libinit$$00000032)
    __rt_lib_init_exceptions_1               0x080001e7   Thumb Code     0  libinit2.o(.ARM.Collect$$libinit$$00000030)
    __rt_lib_init_fp_1                       0x080001e7   Thumb Code     0  libinit2.o(.ARM.Collect$$libinit$$00000002)
    __rt_lib_init_fp_trap_1                  0x080001e7   Thumb Code     0  libinit2.o(.ARM.Collect$$libinit$$0000001F)
    __rt_lib_init_getenv_1                   0x080001e7   Thumb Code     0  libinit2.o(.ARM.Collect$$libinit$$00000023)
    __rt_lib_init_heap_1                     0x080001e7   Thumb Code     0  libinit2.o(.ARM.Collect$$libinit$$0000000A)
    __rt_lib_init_lc_collate_1               0x080001e7   Thumb Code     0  libinit2.o(.ARM.Collect$$libinit$$00000011)
    __rt_lib_init_lc_ctype_1                 0x080001e7   Thumb Code     0  libinit2.o(.ARM.Collect$$libinit$$00000013)
    __rt_lib_init_lc_monetary_1              0x080001e7   Thumb Code     0  libinit2.o(.ARM.Collect$$libinit$$00000015)
    __rt_lib_init_lc_numeric_1               0x080001e7   Thumb Code     0  libinit2.o(.ARM.Collect$$libinit$$00000017)
    __rt_lib_init_lc_time_1                  0x080001e7   Thumb Code     0  libinit2.o(.ARM.Collect$$libinit$$00000019)
    __rt_lib_init_preinit_1                  0x080001e7   Thumb Code     0  libinit2.o(.ARM.Collect$$libinit$$00000004)
    __rt_lib_init_rand_1                     0x080001e7   Thumb Code     0  libinit2.o(.ARM.Collect$$libinit$$0000000E)
    __rt_lib_init_return                     0x080001e7   Thumb Code     0  libinit2.o(.ARM.Collect$$libinit$$00000033)
    __rt_lib_init_signal_1                   0x080001e7   Thumb Code     0  libinit2.o(.ARM.Collect$$libinit$$0000001D)
    __rt_lib_init_stdio_1                    0x080001e7   Thumb Code     0  libinit2.o(.ARM.Collect$$libinit$$00000025)
    __rt_lib_init_user_alloc_1               0x080001e7   Thumb Code     0  libinit2.o(.ARM.Collect$$libinit$$0000000C)
    __rt_lib_shutdown                        0x080001e9   Thumb Code     0  libshutdown.o(.ARM.Collect$$libshutdown$$00000000)
    __rt_lib_shutdown_cpp_1                  0x080001eb   Thumb Code     0  libshutdown2.o(.ARM.Collect$$libshutdown$$00000002)
    __rt_lib_shutdown_fp_trap_1              0x080001eb   Thumb Code     0  libshutdown2.o(.ARM.Collect$$libshutdown$$00000007)
    __rt_lib_shutdown_heap_1                 0x080001eb   Thumb Code     0  libshutdown2.o(.ARM.Collect$$libshutdown$$0000000F)
    __rt_lib_shutdown_return                 0x080001eb   Thumb Code     0  libshutdown2.o(.ARM.Collect$$libshutdown$$00000010)
    __rt_lib_shutdown_signal_1               0x080001eb   Thumb Code     0  libshutdown2.o(.ARM.Collect$$libshutdown$$0000000A)
    __rt_lib_shutdown_stdio_1                0x080001eb   Thumb Code     0  libshutdown2.o(.ARM.Collect$$libshutdown$$00000004)
    __rt_lib_shutdown_user_alloc_1           0x080001eb   Thumb Code     0  libshutdown2.o(.ARM.Collect$$libshutdown$$0000000C)
    __rt_entry                               0x080001ed   Thumb Code     0  __rtentry.o(.ARM.Collect$$rtentry$$00000000)
    __rt_entry_presh_1                       0x080001ed   Thumb Code     0  __rtentry2.o(.ARM.Collect$$rtentry$$00000002)
    __rt_entry_sh                            0x080001ed   Thumb Code     0  __rtentry4.o(.ARM.Collect$$rtentry$$00000004)
    __rt_entry_li                            0x080001f3   Thumb Code     0  __rtentry2.o(.ARM.Collect$$rtentry$$0000000A)
    __rt_entry_postsh_1                      0x080001f3   Thumb Code     0  __rtentry2.o(.ARM.Collect$$rtentry$$00000009)
    __rt_entry_main                          0x080001f7   Thumb Code     0  __rtentry2.o(.ARM.Collect$$rtentry$$0000000D)
    __rt_entry_postli_1                      0x080001f7   Thumb Code     0  __rtentry2.o(.ARM.Collect$$rtentry$$0000000C)
    __rt_exit                                0x080001ff   Thumb Code     0  rtexit.o(.ARM.Collect$$rtexit$$00000000)
    __rt_exit_ls                             0x08000201   Thumb Code     0  rtexit2.o(.ARM.Collect$$rtexit$$00000003)
    __rt_exit_prels_1                        0x08000201   Thumb Code     0  rtexit2.o(.ARM.Collect$$rtexit$$00000002)
    __rt_exit_exit                           0x08000205   Thumb Code     0  rtexit2.o(.ARM.Collect$$rtexit$$00000004)
    Reset_Handler                            0x0800020d   Thumb Code     8  startup_gd32f10x_hd.o(.text)
    SysTick_Handler                          0x08000225   Thumb Code     2  startup_gd32f10x_hd.o(.text)
    ADC0_1_IRQHandler                        0x08000227   Thumb Code     0  startup_gd32f10x_hd.o(.text)
    ADC2_IRQHandler                          0x08000227   Thumb Code     0  startup_gd32f10x_hd.o(.text)
    CAN0_EWMC_IRQHandler                     0x08000227   Thumb Code     0  startup_gd32f10x_hd.o(.text)
    CAN0_RX1_IRQHandler                      0x08000227   Thumb Code     0  startup_gd32f10x_hd.o(.text)
    DMA0_Channel0_IRQHandler                 0x08000227   Thumb Code     0  startup_gd32f10x_hd.o(.text)
    DMA0_Channel1_IRQHandler                 0x08000227   Thumb Code     0  startup_gd32f10x_hd.o(.text)
    DMA0_Channel2_IRQHandler                 0x08000227   Thumb Code     0  startup_gd32f10x_hd.o(.text)
    DMA0_Channel3_IRQHandler                 0x08000227   Thumb Code     0  startup_gd32f10x_hd.o(.text)
    DMA0_Channel4_IRQHandler                 0x08000227   Thumb Code     0  startup_gd32f10x_hd.o(.text)
    DMA0_Channel5_IRQHandler                 0x08000227   Thumb Code     0  startup_gd32f10x_hd.o(.text)
    DMA0_Channel6_IRQHandler                 0x08000227   Thumb Code     0  startup_gd32f10x_hd.o(.text)
    DMA1_Channel0_IRQHandler                 0x08000227   Thumb Code     0  startup_gd32f10x_hd.o(.text)
    DMA1_Channel1_IRQHandler                 0x08000227   Thumb Code     0  startup_gd32f10x_hd.o(.text)
    DMA1_Channel2_IRQHandler                 0x08000227   Thumb Code     0  startup_gd32f10x_hd.o(.text)
    DMA1_Channel3_4_IRQHandler               0x08000227   Thumb Code     0  startup_gd32f10x_hd.o(.text)
    EXMC_IRQHandler                          0x08000227   Thumb Code     0  startup_gd32f10x_hd.o(.text)
    EXTI0_IRQHandler                         0x08000227   Thumb Code     0  startup_gd32f10x_hd.o(.text)
    EXTI1_IRQHandler                         0x08000227   Thumb Code     0  startup_gd32f10x_hd.o(.text)
    EXTI2_IRQHandler                         0x08000227   Thumb Code     0  startup_gd32f10x_hd.o(.text)
    EXTI3_IRQHandler                         0x08000227   Thumb Code     0  startup_gd32f10x_hd.o(.text)
    EXTI4_IRQHandler                         0x08000227   Thumb Code     0  startup_gd32f10x_hd.o(.text)
    EXTI5_9_IRQHandler                       0x08000227   Thumb Code     0  startup_gd32f10x_hd.o(.text)
    FMC_IRQHandler                           0x08000227   Thumb Code     0  startup_gd32f10x_hd.o(.text)
    I2C0_ER_IRQHandler                       0x08000227   Thumb Code     0  startup_gd32f10x_hd.o(.text)
    I2C0_EV_IRQHandler                       0x08000227   Thumb Code     0  startup_gd32f10x_hd.o(.text)
    I2C1_ER_IRQHandler                       0x08000227   Thumb Code     0  startup_gd32f10x_hd.o(.text)
    I2C1_EV_IRQHandler                       0x08000227   Thumb Code     0  startup_gd32f10x_hd.o(.text)
    LVD_IRQHandler                           0x08000227   Thumb Code     0  startup_gd32f10x_hd.o(.text)
    RCU_IRQHandler                           0x08000227   Thumb Code     0  startup_gd32f10x_hd.o(.text)
    RTC_Alarm_IRQHandler                     0x08000227   Thumb Code     0  startup_gd32f10x_hd.o(.text)
    RTC_IRQHandler                           0x08000227   Thumb Code     0  startup_gd32f10x_hd.o(.text)
    SDIO_IRQHandler                          0x08000227   Thumb Code     0  startup_gd32f10x_hd.o(.text)
    SPI0_IRQHandler                          0x08000227   Thumb Code     0  startup_gd32f10x_hd.o(.text)
    SPI1_IRQHandler                          0x08000227   Thumb Code     0  startup_gd32f10x_hd.o(.text)
    SPI2_IRQHandler                          0x08000227   Thumb Code     0  startup_gd32f10x_hd.o(.text)
    TAMPER_IRQHandler                        0x08000227   Thumb Code     0  startup_gd32f10x_hd.o(.text)
    TIMER0_BRK_IRQHandler                    0x08000227   Thumb Code     0  startup_gd32f10x_hd.o(.text)
    TIMER0_Channel_IRQHandler                0x08000227   Thumb Code     0  startup_gd32f10x_hd.o(.text)
    TIMER0_TRG_CMT_IRQHandler                0x08000227   Thumb Code     0  startup_gd32f10x_hd.o(.text)
    TIMER0_UP_IRQHandler                     0x08000227   Thumb Code     0  startup_gd32f10x_hd.o(.text)
    TIMER1_IRQHandler                        0x08000227   Thumb Code     0  startup_gd32f10x_hd.o(.text)
    TIMER2_IRQHandler                        0x08000227   Thumb Code     0  startup_gd32f10x_hd.o(.text)
    TIMER3_IRQHandler                        0x08000227   Thumb Code     0  startup_gd32f10x_hd.o(.text)
    TIMER4_IRQHandler                        0x08000227   Thumb Code     0  startup_gd32f10x_hd.o(.text)
    TIMER5_IRQHandler                        0x08000227   Thumb Code     0  startup_gd32f10x_hd.o(.text)
    TIMER6_IRQHandler                        0x08000227   Thumb Code     0  startup_gd32f10x_hd.o(.text)
    TIMER7_BRK_IRQHandler                    0x08000227   Thumb Code     0  startup_gd32f10x_hd.o(.text)
    TIMER7_Channel_IRQHandler                0x08000227   Thumb Code     0  startup_gd32f10x_hd.o(.text)
    TIMER7_TRG_CMT_IRQHandler                0x08000227   Thumb Code     0  startup_gd32f10x_hd.o(.text)
    TIMER7_UP_IRQHandler                     0x08000227   Thumb Code     0  startup_gd32f10x_hd.o(.text)
    UART3_IRQHandler                         0x08000227   Thumb Code     0  startup_gd32f10x_hd.o(.text)
    UART4_IRQHandler                         0x08000227   Thumb Code     0  startup_gd32f10x_hd.o(.text)
    USART0_IRQHandler                        0x08000227   Thumb Code     0  startup_gd32f10x_hd.o(.text)
    USART1_IRQHandler                        0x08000227   Thumb Code     0  startup_gd32f10x_hd.o(.text)
    USART2_IRQHandler                        0x08000227   Thumb Code     0  startup_gd32f10x_hd.o(.text)
    USBD_HP_CAN0_TX_IRQHandler               0x08000227   Thumb Code     0  startup_gd32f10x_hd.o(.text)
    WWDGT_IRQHandler                         0x08000227   Thumb Code     0  startup_gd32f10x_hd.o(.text)
    __user_initial_stackheap                 0x08000229   Thumb Code    10  startup_gd32f10x_hd.o(.text)
    __aeabi_memclr4                          0x0800024d   Thumb Code     0  rt_memclr_w.o(.text)
    __aeabi_memclr8                          0x0800024d   Thumb Code     0  rt_memclr_w.o(.text)
    __rt_memclr_w                            0x0800024d   Thumb Code    78  rt_memclr_w.o(.text)
    _memset_w                                0x08000251   Thumb Code     0  rt_memclr_w.o(.text)
    __use_two_region_memory                  0x0800029b   Thumb Code     2  heapauxi.o(.text)
    __rt_heap_escrow$2region                 0x0800029d   Thumb Code     2  heapauxi.o(.text)
    __rt_heap_expand$2region                 0x0800029f   Thumb Code     2  heapauxi.o(.text)
    __user_setup_stackheap                   0x080002a1   Thumb Code    74  sys_stackheap_outer.o(.text)
    exit                                     0x080002eb   Thumb Code    18  exit.o(.text)
    __user_libspace                          0x080002fd   Thumb Code     8  libspace.o(.text)
    __user_perproc_libspace                  0x080002fd   Thumb Code     0  libspace.o(.text)
    __user_perthread_libspace                0x080002fd   Thumb Code     0  libspace.o(.text)
    _sys_exit                                0x08000305   Thumb Code     8  sys_exit.o(.text)
    __I$use$semihosting                      0x08000311   Thumb Code     0  use_no_semi.o(.text)
    __use_no_semihosting_swi                 0x08000311   Thumb Code     2  use_no_semi.o(.text)
    BusFault_Handler                         0x08000313   Thumb Code     4  gd32f10x_it.o(i.BusFault_Handler)
    __semihosting_library_function           0x08000313   Thumb Code     0  indicate_semi.o(.text)
    DebugMon_Handler                         0x08000317   Thumb Code     2  gd32f10x_it.o(i.DebugMon_Handler)
    EXTI10_15_IRQHandler                     0x08000319   Thumb Code     2  gd32f10x_it.o(i.EXTI10_15_IRQHandler)
    HardFault_Handler                        0x0800031b   Thumb Code     4  gd32f10x_it.o(i.HardFault_Handler)
    MemManage_Handler                        0x0800031f   Thumb Code     4  gd32f10x_it.o(i.MemManage_Handler)
    NMI_Handler                              0x08000323   Thumb Code     2  gd32f10x_it.o(i.NMI_Handler)
    PendSV_Handler                           0x08000325   Thumb Code     2  gd32f10x_it.o(i.PendSV_Handler)
    SVC_Handler                              0x08000327   Thumb Code     2  gd32f10x_it.o(i.SVC_Handler)
    SystemInit                               0x08000329   Thumb Code    84  system_gd32f10x.o(i.SystemInit)
    USBD_LP_CAN0_RX0_IRQHandler              0x0800038d   Thumb Code     8  gd32f10x_it.o(i.USBD_LP_CAN0_RX0_IRQHandler)
    USBD_WKUP_IRQHandler                     0x08000395   Thumb Code    12  gd32f10x_it.o(i.USBD_WKUP_IRQHandler)
    UsageFault_Handler                       0x080003a1   Thumb Code     4  gd32f10x_it.o(i.UsageFault_Handler)
    _usb_in0_transc                          0x080003fb   Thumb Code   104  usbd_transc.o(i._usb_in0_transc)
    _usb_out0_transc                         0x08000463   Thumb Code    82  usbd_transc.o(i._usb_out0_transc)
    _usb_setup_transc                        0x080004b5   Thumb Code   180  usbd_transc.o(i._usb_setup_transc)
    data2                                    0x080009fd   Thumb Code    34  key.o(i.data2)
    data3                                    0x08000a25   Thumb Code    34  key.o(i.data3)
    data4                                    0x08000a4d   Thumb Code    36  key.o(i.data4)
    data5                                    0x08000a75   Thumb Code    52  key.o(i.data5)
    exti_init                                0x08000ab1   Thumb Code   184  gd32f10x_exti.o(i.exti_init)
    exti_interrupt_flag_clear                0x08000b6d   Thumb Code     6  gd32f10x_exti.o(i.exti_interrupt_flag_clear)
    gpio_bit_reset                           0x08000b79   Thumb Code     4  gd32f10x_gpio.o(i.gpio_bit_reset)
    gpio_bit_set                             0x08000b7d   Thumb Code     4  gd32f10x_gpio.o(i.gpio_bit_set)
    gpio_config                              0x08000b81   Thumb Code    38  gd32f10x_usbd_hw.o(i.gpio_config)
    gpio_init                                0x08000bad   Thumb Code   172  gd32f10x_gpio.o(i.gpio_init)
    gpio_input_bit_get                       0x08000c59   Thumb Code    16  gd32f10x_gpio.o(i.gpio_input_bit_get)
    hid_itfop_register                       0x08000cfd   Thumb Code    14  standard_hid_core.o(i.hid_itfop_register)
    hid_report_send                          0x08000dc9   Thumb Code    34  standard_hid_core.o(i.hid_report_send)
    key_all_init                             0x08000ee9   Thumb Code   268  key.o(i.key_all_init)
    main                                     0x08001049   Thumb Code    72  main.o(i.main)
    nvic_config                              0x080010a1   Thumb Code    32  gd32f10x_usbd_hw.o(i.nvic_config)
    nvic_irq_enable                          0x080010c1   Thumb Code   162  gd32f10x_misc.o(i.nvic_irq_enable)
    nvic_priority_group_set                  0x0800116d   Thumb Code    10  gd32f10x_misc.o(i.nvic_priority_group_set)
    pmu_to_deepsleepmode                     0x08001181   Thumb Code   168  gd32f10x_pmu.o(i.pmu_to_deepsleepmode)
    rcu_config                               0x08001245   Thumb Code    36  gd32f10x_usbd_hw.o(i.rcu_config)
    rcu_flag_get                             0x08001269   Thumb Code    30  gd32f10x_rcu.o(i.rcu_flag_get)
    rcu_osci_on                              0x0800128d   Thumb Code    28  gd32f10x_rcu.o(i.rcu_osci_on)
    rcu_periph_clock_enable                  0x080012ad   Thumb Code    28  gd32f10x_rcu.o(i.rcu_periph_clock_enable)
    rcu_system_clock_source_config           0x080012cd   Thumb Code    18  gd32f10x_rcu.o(i.rcu_system_clock_source_config)
    rcu_system_clock_source_get              0x080012e5   Thumb Code    10  gd32f10x_rcu.o(i.rcu_system_clock_source_get)
    rcu_usb_clock_config                     0x080012f5   Thumb Code    18  gd32f10x_rcu.o(i.rcu_usb_clock_config)
    serial_string_get                        0x0800130d   Thumb Code    70  usbd_enum.o(i.serial_string_get)
    system_lowpower_reset                    0x08001429   Thumb Code    12  gd32f10x_misc.o(i.system_lowpower_reset)
    usbd_class_request                       0x0800148d   Thumb Code    34  usbd_enum.o(i.usbd_class_request)
    usbd_ep_send                             0x08001799   Thumb Code    76  usbd_core.o(i.usbd_ep_send)
    usbd_init                                0x08001c45   Thumb Code    86  usbd_core.o(i.usbd_init)
    usbd_isr                                 0x08001cd5   Thumb Code   614  usbd_lld_int.o(i.usbd_isr)
    usbd_standard_request                    0x08001f91   Thumb Code    22  usbd_enum.o(i.usbd_standard_request)
    usbd_vendor_request                      0x08001fed   Thumb Code     6  usbd_enum.o(i.usbd_vendor_request)
    hid_report_desc                          0x08002004   Data          46  standard_hid_core.o(.constdata)
    Region$$Table$$Base                      0x08002034   Number         0  anon$$obj.o(Region$$Table)
    Region$$Table$$Limit                     0x08002054   Number         0  anon$$obj.o(Region$$Table)
    fop_handler                              0x20000000   Data           8  hid_keyboard_itf.o(.data)
    usbd_core                                0x2000000c   Data           8  usbd_lld_core.o(.data)
    usbd_drv_handler                         0x20000014   Data          64  usbd_lld_core.o(.data)
    usbd_int_fops                            0x20000054   Data           4  usbd_core.o(.data)
    hid_dev_desc                             0x2000009c   Data          18  standard_hid_core.o(.data)
    hid_config_desc                          0x200000ae   Data          41  standard_hid_core.o(.data)
    hid_desc                                 0x20000274   Data          16  standard_hid_core.o(.data)
    hid_class                                0x20000284   Data          32  standard_hid_core.o(.data)
    usb_hid                                  0x200002a4   Data         120  main.o(.bss)
    __libspace_start                         0x20000340   Data          96  libspace.o(.bss)
    __temporary_stack_top$libspace           0x200003a0   Data           0  libspace.o(.bss)



==============================================================================

Memory Map of the image

  Image Entry point : 0x08000131

  Load Region LR_IROM1 (Base: 0x08000000, Size: 0x000022f8, Max: 0x00010000, ABSOLUTE, COMPRESSED[0x00002160])

    Execution Region ER_IROM1 (Exec base: 0x08000000, Load base: 0x08000000, Size: 0x00002054, Max: 0x00010000, ABSOLUTE)

    Exec Addr    Load Addr    Size         Type   Attr      Idx    E Section Name        Object

    0x08000000   0x08000000   0x00000130   Data   RO          139    RESET               startup_gd32f10x_hd.o
    0x08000130   0x08000130   0x00000008   Code   RO         2768  * !!!main             c_w.l(__main.o)
    0x08000138   0x08000138   0x00000034   Code   RO         2927    !!!scatter          c_w.l(__scatter.o)
    0x0800016c   0x0800016c   0x0000005a   Code   RO         2925    !!dczerorl2         c_w.l(__dczerorl2.o)
    0x080001c6   0x080001c6   0x00000002   PAD
    0x080001c8   0x080001c8   0x0000001c   Code   RO         2929    !!handler_zi        c_w.l(__scatter_zi.o)
    0x080001e4   0x080001e4   0x00000002   Code   RO         2795    .ARM.Collect$$libinit$$00000000  c_w.l(libinit.o)
    0x080001e6   0x080001e6   0x00000000   Code   RO         2802    .ARM.Collect$$libinit$$00000002  c_w.l(libinit2.o)
    0x080001e6   0x080001e6   0x00000000   Code   RO         2804    .ARM.Collect$$libinit$$00000004  c_w.l(libinit2.o)
    0x080001e6   0x080001e6   0x00000000   Code   RO         2807    .ARM.Collect$$libinit$$0000000A  c_w.l(libinit2.o)
    0x080001e6   0x080001e6   0x00000000   Code   RO         2809    .ARM.Collect$$libinit$$0000000C  c_w.l(libinit2.o)
    0x080001e6   0x080001e6   0x00000000   Code   RO         2811    .ARM.Collect$$libinit$$0000000E  c_w.l(libinit2.o)
    0x080001e6   0x080001e6   0x00000000   Code   RO         2814    .ARM.Collect$$libinit$$00000011  c_w.l(libinit2.o)
    0x080001e6   0x080001e6   0x00000000   Code   RO         2816    .ARM.Collect$$libinit$$00000013  c_w.l(libinit2.o)
    0x080001e6   0x080001e6   0x00000000   Code   RO         2818    .ARM.Collect$$libinit$$00000015  c_w.l(libinit2.o)
    0x080001e6   0x080001e6   0x00000000   Code   RO         2820    .ARM.Collect$$libinit$$00000017  c_w.l(libinit2.o)
    0x080001e6   0x080001e6   0x00000000   Code   RO         2822    .ARM.Collect$$libinit$$00000019  c_w.l(libinit2.o)
    0x080001e6   0x080001e6   0x00000000   Code   RO         2824    .ARM.Collect$$libinit$$0000001B  c_w.l(libinit2.o)
    0x080001e6   0x080001e6   0x00000000   Code   RO         2826    .ARM.Collect$$libinit$$0000001D  c_w.l(libinit2.o)
    0x080001e6   0x080001e6   0x00000000   Code   RO         2828    .ARM.Collect$$libinit$$0000001F  c_w.l(libinit2.o)
    0x080001e6   0x080001e6   0x00000000   Code   RO         2830    .ARM.Collect$$libinit$$00000021  c_w.l(libinit2.o)
    0x080001e6   0x080001e6   0x00000000   Code   RO         2832    .ARM.Collect$$libinit$$00000023  c_w.l(libinit2.o)
    0x080001e6   0x080001e6   0x00000000   Code   RO         2834    .ARM.Collect$$libinit$$00000025  c_w.l(libinit2.o)
    0x080001e6   0x080001e6   0x00000000   Code   RO         2838    .ARM.Collect$$libinit$$0000002C  c_w.l(libinit2.o)
    0x080001e6   0x080001e6   0x00000000   Code   RO         2840    .ARM.Collect$$libinit$$0000002E  c_w.l(libinit2.o)
    0x080001e6   0x080001e6   0x00000000   Code   RO         2842    .ARM.Collect$$libinit$$00000030  c_w.l(libinit2.o)
    0x080001e6   0x080001e6   0x00000000   Code   RO         2844    .ARM.Collect$$libinit$$00000032  c_w.l(libinit2.o)
    0x080001e6   0x080001e6   0x00000002   Code   RO         2845    .ARM.Collect$$libinit$$00000033  c_w.l(libinit2.o)
    0x080001e8   0x080001e8   0x00000002   Code   RO         2865    .ARM.Collect$$libshutdown$$00000000  c_w.l(libshutdown.o)
    0x080001ea   0x080001ea   0x00000000   Code   RO         2878    .ARM.Collect$$libshutdown$$00000002  c_w.l(libshutdown2.o)
    0x080001ea   0x080001ea   0x00000000   Code   RO         2880    .ARM.Collect$$libshutdown$$00000004  c_w.l(libshutdown2.o)
    0x080001ea   0x080001ea   0x00000000   Code   RO         2883    .ARM.Collect$$libshutdown$$00000007  c_w.l(libshutdown2.o)
    0x080001ea   0x080001ea   0x00000000   Code   RO         2886    .ARM.Collect$$libshutdown$$0000000A  c_w.l(libshutdown2.o)
    0x080001ea   0x080001ea   0x00000000   Code   RO         2888    .ARM.Collect$$libshutdown$$0000000C  c_w.l(libshutdown2.o)
    0x080001ea   0x080001ea   0x00000000   Code   RO         2891    .ARM.Collect$$libshutdown$$0000000F  c_w.l(libshutdown2.o)
    0x080001ea   0x080001ea   0x00000002   Code   RO         2892    .ARM.Collect$$libshutdown$$00000010  c_w.l(libshutdown2.o)
    0x080001ec   0x080001ec   0x00000000   Code   RO         2770    .ARM.Collect$$rtentry$$00000000  c_w.l(__rtentry.o)
    0x080001ec   0x080001ec   0x00000000   Code   RO         2772    .ARM.Collect$$rtentry$$00000002  c_w.l(__rtentry2.o)
    0x080001ec   0x080001ec   0x00000006   Code   RO         2784    .ARM.Collect$$rtentry$$00000004  c_w.l(__rtentry4.o)
    0x080001f2   0x080001f2   0x00000000   Code   RO         2774    .ARM.Collect$$rtentry$$00000009  c_w.l(__rtentry2.o)
    0x080001f2   0x080001f2   0x00000004   Code   RO         2775    .ARM.Collect$$rtentry$$0000000A  c_w.l(__rtentry2.o)
    0x080001f6   0x080001f6   0x00000000   Code   RO         2777    .ARM.Collect$$rtentry$$0000000C  c_w.l(__rtentry2.o)
    0x080001f6   0x080001f6   0x00000008   Code   RO         2778    .ARM.Collect$$rtentry$$0000000D  c_w.l(__rtentry2.o)
    0x080001fe   0x080001fe   0x00000002   Code   RO         2799    .ARM.Collect$$rtexit$$00000000  c_w.l(rtexit.o)
    0x08000200   0x08000200   0x00000000   Code   RO         2847    .ARM.Collect$$rtexit$$00000002  c_w.l(rtexit2.o)
    0x08000200   0x08000200   0x00000004   Code   RO         2848    .ARM.Collect$$rtexit$$00000003  c_w.l(rtexit2.o)
    0x08000204   0x08000204   0x00000006   Code   RO         2849    .ARM.Collect$$rtexit$$00000004  c_w.l(rtexit2.o)
    0x0800020a   0x0800020a   0x00000002   PAD
    0x0800020c   0x0800020c   0x00000040   Code   RO          140    .text               startup_gd32f10x_hd.o
    0x0800024c   0x0800024c   0x0000004e   Code   RO         2764    .text               c_w.l(rt_memclr_w.o)
    0x0800029a   0x0800029a   0x00000006   Code   RO         2766    .text               c_w.l(heapauxi.o)
    0x080002a0   0x080002a0   0x0000004a   Code   RO         2786    .text               c_w.l(sys_stackheap_outer.o)
    0x080002ea   0x080002ea   0x00000012   Code   RO         2788    .text               c_w.l(exit.o)
    0x080002fc   0x080002fc   0x00000008   Code   RO         2796    .text               c_w.l(libspace.o)
    0x08000304   0x08000304   0x0000000c   Code   RO         2857    .text               c_w.l(sys_exit.o)
    0x08000310   0x08000310   0x00000002   Code   RO         2868    .text               c_w.l(use_no_semi.o)
    0x08000312   0x08000312   0x00000000   Code   RO         2870    .text               c_w.l(indicate_semi.o)
    0x08000312   0x08000312   0x00000004   Code   RO          146    i.BusFault_Handler  gd32f10x_it.o
    0x08000316   0x08000316   0x00000002   Code   RO          147    i.DebugMon_Handler  gd32f10x_it.o
    0x08000318   0x08000318   0x00000002   Code   RO          148    i.EXTI10_15_IRQHandler  gd32f10x_it.o
    0x0800031a   0x0800031a   0x00000004   Code   RO          149    i.HardFault_Handler  gd32f10x_it.o
    0x0800031e   0x0800031e   0x00000004   Code   RO          150    i.MemManage_Handler  gd32f10x_it.o
    0x08000322   0x08000322   0x00000002   Code   RO          151    i.NMI_Handler       gd32f10x_it.o
    0x08000324   0x08000324   0x00000002   Code   RO          152    i.PendSV_Handler    gd32f10x_it.o
    0x08000326   0x08000326   0x00000002   Code   RO          153    i.SVC_Handler       gd32f10x_it.o
    0x08000328   0x08000328   0x00000064   Code   RO            4    i.SystemInit        system_gd32f10x.o
    0x0800038c   0x0800038c   0x00000008   Code   RO          154    i.USBD_LP_CAN0_RX0_IRQHandler  gd32f10x_it.o
    0x08000394   0x08000394   0x0000000c   Code   RO          155    i.USBD_WKUP_IRQHandler  gd32f10x_it.o
    0x080003a0   0x080003a0   0x00000004   Code   RO          156    i.UsageFault_Handler  gd32f10x_it.o
    0x080003a4   0x080003a4   0x0000002a   Code   RO          613    i._usb_bos_desc_get  usbd_enum.o
    0x080003ce   0x080003ce   0x0000001c   Code   RO          614    i._usb_config_desc_get  usbd_enum.o
    0x080003ea   0x080003ea   0x00000010   Code   RO          615    i._usb_dev_desc_get  usbd_enum.o
    0x080003fa   0x080003fa   0x00000068   Code   RO          778    i._usb_in0_transc   usbd_transc.o
    0x08000462   0x08000462   0x00000052   Code   RO          779    i._usb_out0_transc  usbd_transc.o
    0x080004b4   0x080004b4   0x000000b4   Code   RO          780    i._usb_setup_transc  usbd_transc.o
    0x08000568   0x08000568   0x0000008a   Code   RO          616    i._usb_std_clearfeature  usbd_enum.o
    0x080005f2   0x080005f2   0x0000003c   Code   RO          617    i._usb_std_getconfiguration  usbd_enum.o
    0x0800062e   0x0800062e   0x00000002   PAD
    0x08000630   0x08000630   0x00000110   Code   RO          618    i._usb_std_getdescriptor  usbd_enum.o
    0x08000740   0x08000740   0x0000003e   Code   RO          619    i._usb_std_getinterface  usbd_enum.o
    0x0800077e   0x0800077e   0x00000002   PAD
    0x08000780   0x08000780   0x000000c4   Code   RO          620    i._usb_std_getstatus  usbd_enum.o
    0x08000844   0x08000844   0x00000006   Code   RO          621    i._usb_std_reserved  usbd_enum.o
    0x0800084a   0x0800084a   0x0000002e   Code   RO          622    i._usb_std_setaddress  usbd_enum.o
    0x08000878   0x08000878   0x0000009c   Code   RO          623    i._usb_std_setconfiguration  usbd_enum.o
    0x08000914   0x08000914   0x00000006   Code   RO          624    i._usb_std_setdescriptor  usbd_enum.o
    0x0800091a   0x0800091a   0x0000008a   Code   RO          625    i._usb_std_setfeature  usbd_enum.o
    0x080009a4   0x080009a4   0x0000003e   Code   RO          626    i._usb_std_setinterface  usbd_enum.o
    0x080009e2   0x080009e2   0x00000006   Code   RO          627    i._usb_std_synchframe  usbd_enum.o
    0x080009e8   0x080009e8   0x00000012   Code   RO          628    i._usb_str_desc_get  usbd_enum.o
    0x080009fa   0x080009fa   0x00000002   PAD
    0x080009fc   0x080009fc   0x00000028   Code   RO          363    i.data2             key.o
    0x08000a24   0x08000a24   0x00000028   Code   RO          364    i.data3             key.o
    0x08000a4c   0x08000a4c   0x00000028   Code   RO          365    i.data4             key.o
    0x08000a74   0x08000a74   0x0000003c   Code   RO          366    i.data5             key.o
    0x08000ab0   0x08000ab0   0x000000bc   Code   RO         1082    i.exti_init         gd32f10x_exti.o
    0x08000b6c   0x08000b6c   0x0000000c   Code   RO         1085    i.exti_interrupt_flag_clear  gd32f10x_exti.o
    0x08000b78   0x08000b78   0x00000004   Code   RO         1382    i.gpio_bit_reset    gd32f10x_gpio.o
    0x08000b7c   0x08000b7c   0x00000004   Code   RO         1383    i.gpio_bit_set      gd32f10x_gpio.o
    0x08000b80   0x08000b80   0x0000002c   Code   RO          297    i.gpio_config       gd32f10x_usbd_hw.o
    0x08000bac   0x08000bac   0x000000ac   Code   RO         1390    i.gpio_init         gd32f10x_gpio.o
    0x08000c58   0x08000c58   0x00000010   Code   RO         1391    i.gpio_input_bit_get  gd32f10x_gpio.o
    0x08000c68   0x08000c68   0x00000026   Code   RO          827    i.hid_data_in_handler  standard_hid_core.o
    0x08000c8e   0x08000c8e   0x00000018   Code   RO          828    i.hid_deinit        standard_hid_core.o
    0x08000ca6   0x08000ca6   0x00000002   PAD
    0x08000ca8   0x08000ca8   0x00000054   Code   RO          829    i.hid_init          standard_hid_core.o
    0x08000cfc   0x08000cfc   0x0000000e   Code   RO          830    i.hid_itfop_register  standard_hid_core.o
    0x08000d0a   0x08000d0a   0x00000002   PAD
    0x08000d0c   0x08000d0c   0x000000bc   Code   RO          329    i.hid_key_data_send  hid_keyboard_itf.o
    0x08000dc8   0x08000dc8   0x00000022   Code   RO          831    i.hid_report_send   standard_hid_core.o
    0x08000dea   0x08000dea   0x00000002   PAD
    0x08000dec   0x08000dec   0x000000bc   Code   RO          832    i.hid_req_handler   standard_hid_core.o
    0x08000ea8   0x08000ea8   0x0000003e   Code   RO          629    i.int_to_unicode    usbd_enum.o
    0x08000ee6   0x08000ee6   0x00000002   PAD
    0x08000ee8   0x08000ee8   0x00000118   Code   RO          367    i.key_all_init      key.o
    0x08001000   0x08001000   0x00000008   Code   RO          330    i.key_config        hid_keyboard_itf.o
    0x08001008   0x08001008   0x0000003e   Code   RO          407    i.lowpower_mode_exit  usbd_lld_core.o
    0x08001046   0x08001046   0x00000002   PAD
    0x08001048   0x08001048   0x00000058   Code   RO          259    i.main              main.o
    0x080010a0   0x080010a0   0x00000020   Code   RO          298    i.nvic_config       gd32f10x_usbd_hw.o
    0x080010c0   0x080010c0   0x000000ac   Code   RO         1498    i.nvic_irq_enable   gd32f10x_misc.o
    0x0800116c   0x0800116c   0x00000014   Code   RO         1499    i.nvic_priority_group_set  gd32f10x_misc.o
    0x08001180   0x08001180   0x000000c4   Code   RO         1560    i.pmu_to_deepsleepmode  gd32f10x_pmu.o
    0x08001244   0x08001244   0x00000024   Code   RO          299    i.rcu_config        gd32f10x_usbd_hw.o
    0x08001268   0x08001268   0x00000024   Code   RO         1651    i.rcu_flag_get      gd32f10x_rcu.o
    0x0800128c   0x0800128c   0x00000020   Code   RO         1662    i.rcu_osci_on       gd32f10x_rcu.o
    0x080012ac   0x080012ac   0x00000020   Code   RO         1665    i.rcu_periph_clock_enable  gd32f10x_rcu.o
    0x080012cc   0x080012cc   0x00000018   Code   RO         1673    i.rcu_system_clock_source_config  gd32f10x_rcu.o
    0x080012e4   0x080012e4   0x00000010   Code   RO         1674    i.rcu_system_clock_source_get  gd32f10x_rcu.o
    0x080012f4   0x080012f4   0x00000018   Code   RO         1675    i.rcu_usb_clock_config  gd32f10x_rcu.o
    0x0800130c   0x0800130c   0x00000050   Code   RO          630    i.serial_string_get  usbd_enum.o
    0x0800135c   0x0800135c   0x000000c4   Code   RO            5    i.system_clock_96m_hxtal  system_gd32f10x.o
    0x08001420   0x08001420   0x00000008   Code   RO            6    i.system_clock_config  system_gd32f10x.o
    0x08001428   0x08001428   0x00000010   Code   RO         1501    i.system_lowpower_reset  gd32f10x_misc.o
    0x08001438   0x08001438   0x00000016   Code   RO          781    i.usb_ctl_status_in  usbd_transc.o
    0x0800144e   0x0800144e   0x00000014   Code   RO          782    i.usb_stall_transc  usbd_transc.o
    0x08001462   0x08001462   0x00000008   Code   RO          563    i.usb_transc_config  usbd_core.o
    0x0800146a   0x0800146a   0x00000008   Code   RO          631    i.usb_transc_config  usbd_enum.o
    0x08001472   0x08001472   0x00000008   Code   RO          833    i.usb_transc_config  standard_hid_core.o
    0x0800147a   0x0800147a   0x00000002   PAD
    0x0800147c   0x0800147c   0x00000010   Code   RO          408    i.usbd_address_set  usbd_lld_core.o
    0x0800148c   0x0800148c   0x00000022   Code   RO          632    i.usbd_class_request  usbd_enum.o
    0x080014ae   0x080014ae   0x00000002   PAD
    0x080014b0   0x080014b0   0x00000028   Code   RO          409    i.usbd_core_reset   usbd_lld_core.o
    0x080014d8   0x080014d8   0x00000018   Code   RO          410    i.usbd_core_stop    usbd_lld_core.o
    0x080014f0   0x080014f0   0x00000024   Code   RO          411    i.usbd_dp_pullup    usbd_lld_core.o
    0x08001514   0x08001514   0x000000a0   Code   RO          412    i.usbd_ep_data_read  usbd_lld_core.o
    0x080015b4   0x080015b4   0x00000060   Code   RO          413    i.usbd_ep_data_write  usbd_lld_core.o
    0x08001614   0x08001614   0x000000b8   Code   RO          414    i.usbd_ep_disable   usbd_lld_core.o
    0x080016cc   0x080016cc   0x0000009c   Code   RO          415    i.usbd_ep_reset     usbd_lld_core.o
    0x08001768   0x08001768   0x00000030   Code   RO          416    i.usbd_ep_rx_enable  usbd_lld_core.o
    0x08001798   0x08001798   0x0000004c   Code   RO          565    i.usbd_ep_send      usbd_core.o
    0x080017e4   0x080017e4   0x00000278   Code   RO          417    i.usbd_ep_setup     usbd_lld_core.o
    0x08001a5c   0x08001a5c   0x000000f8   Code   RO          418    i.usbd_ep_stall_clear  usbd_lld_core.o
    0x08001b54   0x08001b54   0x000000a4   Code   RO          419    i.usbd_ep_stall_set  usbd_lld_core.o
    0x08001bf8   0x08001bf8   0x00000024   Code   RO          420    i.usbd_ep_status    usbd_lld_core.o
    0x08001c1c   0x08001c1c   0x00000014   Code   RO          421    i.usbd_ep_status_get  usbd_lld_core.o
    0x08001c30   0x08001c30   0x00000014   Code   RO          633    i.usbd_ep_status_get  usbd_enum.o
    0x08001c44   0x08001c44   0x0000006c   Code   RO          566    i.usbd_init         usbd_core.o
    0x08001cb0   0x08001cb0   0x00000022   Code   RO          530    i.usbd_int_suspend  usbd_lld_int.o
    0x08001cd2   0x08001cd2   0x00000002   PAD
    0x08001cd4   0x08001cd4   0x00000278   Code   RO          531    i.usbd_isr          usbd_lld_int.o
    0x08001f4c   0x08001f4c   0x00000024   Code   RO          422    i.usbd_leave_suspend  usbd_lld_core.o
    0x08001f70   0x08001f70   0x00000020   Code   RO          423    i.usbd_resume       usbd_lld_core.o
    0x08001f90   0x08001f90   0x0000001c   Code   RO          634    i.usbd_standard_request  usbd_enum.o
    0x08001fac   0x08001fac   0x00000040   Code   RO          424    i.usbd_suspend      usbd_lld_core.o
    0x08001fec   0x08001fec   0x00000006   Code   RO          635    i.usbd_vendor_request  usbd_enum.o
    0x08001ff2   0x08001ff2   0x00000002   PAD
    0x08001ff4   0x08001ff4   0x00000010   Data   RO          427    .constdata          usbd_lld_core.o
    0x08002004   0x08002004   0x0000002e   Data   RO          835    .constdata          standard_hid_core.o
    0x08002032   0x08002032   0x00000002   PAD
    0x08002034   0x08002034   0x00000020   Data   RO         2923    Region$$Table       anon$$obj.o


    Execution Region RW_IRAM1 (Exec base: 0x20000000, Load base: 0x08002054, Size: 0x000009a0, Max: 0x00005000, ABSOLUTE, COMPRESSED[0x0000010c])

    Exec Addr    Load Addr    Size         Type   Attr      Idx    E Section Name        Object

    0x20000000   COMPRESSED   0x00000009   Data   RW          331    .data               hid_keyboard_itf.o
    0x20000009   COMPRESSED   0x00000003   PAD
    0x2000000c   COMPRESSED   0x00000048   Data   RW          428    .data               usbd_lld_core.o
    0x20000054   COMPRESSED   0x00000004   Data   RW          567    .data               usbd_core.o
    0x20000058   COMPRESSED   0x00000043   Data   RW          636    .data               usbd_enum.o
    0x2000009b   COMPRESSED   0x00000001   PAD
    0x2000009c   COMPRESSED   0x00000208   Data   RW          836    .data               standard_hid_core.o
    0x200002a4        -       0x00000078   Zero   RW          260    .bss                main.o
    0x2000031c        -       0x00000014   Zero   RW          834    .bss                standard_hid_core.o
    0x20000330        -       0x00000010   Zero   RW         1565    .bss                gd32f10x_pmu.o
    0x20000340        -       0x00000060   Zero   RW         2797    .bss                c_w.l(libspace.o)
    0x200003a0        -       0x00000200   Zero   RW          138    HEAP                startup_gd32f10x_hd.o
    0x200005a0        -       0x00000400   Zero   RW          137    STACK               startup_gd32f10x_hd.o



  Load Region LR$$.ARM.__AT_0x40006000 (Base: 0x40006000, Size: 0x00000000, Max: 0x00000020, ABSOLUTE)

    Execution Region ER$$.ARM.__AT_0x40006000 (Exec base: 0x40006000, Load base: 0x40006000, Size: 0x00000020, Max: 0x00000020, ABSOLUTE, UNINIT)

    Exec Addr    Load Addr    Size         Type   Attr      Idx    E Section Name        Object

    0x40006000        -       0x00000020   Zero   RW          426    .ARM.__AT_0x40006000  usbd_lld_core.o


==============================================================================

Image component sizes


      Code (inc. data)   RO Data    RW Data    ZI Data      Debug   Object Name

       200         10          0          0          0       1172   gd32f10x_exti.o
       196          0          0          0          0       2481   gd32f10x_gpio.o
        46          0          0          0          0      12052   gd32f10x_it.o
       208         24          0          0          0       1820   gd32f10x_misc.o
       196         28          0          0         16        647   gd32f10x_pmu.o
       164         32          0          0          0       3109   gd32f10x_rcu.o
       112          6          0          0          0       1313   gd32f10x_usbd_hw.o
       196         12          0          9          0       2379   hid_keyboard_itf.o
       460         36          0          0          0       2347   key.o
        88         16          0          0        120       4805   main.o
       390         32         46        520         20       9849   standard_hid_core.o
        64         26        304          0       1536        860   startup_gd32f10x_hd.o
       304         30          0          0          0      27229   system_gd32f10x.o
       192         22          0          4          0       6259   usbd_core.o
      1490         46          0         67          0      18007   usbd_enum.o
      2054        116         16         72         32      13973   usbd_lld_core.o
       666         18          0          0          0       2371   usbd_lld_int.o
       408          0          0          0          0       7209   usbd_transc.o

    ----------------------------------------------------------------------
      7458        454        400        676       1724     117882   Object Totals
         0          0         32          0          0          0   (incl. Generated)
        24          0          2          4          0          0   (incl. Padding)

    ----------------------------------------------------------------------

      Code (inc. data)   RO Data    RW Data    ZI Data      Debug   Library Member Name

        90          0          0          0          0          0   __dczerorl2.o
         8          0          0          0          0         68   __main.o
         0          0          0          0          0          0   __rtentry.o
        12          0          0          0          0          0   __rtentry2.o
         6          0          0          0          0          0   __rtentry4.o
        52          8          0          0          0          0   __scatter.o
        28          0          0          0          0          0   __scatter_zi.o
        18          0          0          0          0         80   exit.o
         6          0          0          0          0        152   heapauxi.o
         0          0          0          0          0          0   indicate_semi.o
         2          0          0          0          0          0   libinit.o
         2          0          0          0          0          0   libinit2.o
         2          0          0          0          0          0   libshutdown.o
         2          0          0          0          0          0   libshutdown2.o
         8          4          0          0         96         68   libspace.o
        78          0          0          0          0         80   rt_memclr_w.o
         2          0          0          0          0          0   rtexit.o
        10          0          0          0          0          0   rtexit2.o
        12          4          0          0          0         68   sys_exit.o
        74          0          0          0          0         80   sys_stackheap_outer.o
         2          0          0          0          0         68   use_no_semi.o

    ----------------------------------------------------------------------
       418         16          0          0         96        664   Library Totals
         4          0          0          0          0          0   (incl. Padding)

    ----------------------------------------------------------------------

      Code (inc. data)   RO Data    RW Data    ZI Data      Debug   Library Name

       414         16          0          0         96        664   c_w.l

    ----------------------------------------------------------------------
       418         16          0          0         96        664   Library Totals

    ----------------------------------------------------------------------

==============================================================================


      Code (inc. data)   RO Data    RW Data    ZI Data      Debug   

      7876        470        400        676       1820     113446   Grand Totals
      7876        470        400        268       1820     113446   ELF Image Totals (compressed)
      7876        470        400        268          0          0   ROM Totals

==============================================================================

    Total RO  Size (Code + RO Data)                 8276 (   8.08kB)
    Total RW  Size (RW Data + ZI Data)              2496 (   2.44kB)
    Total ROM Size (Code + RO Data + RW Data)       8544 (   8.34kB)

==============================================================================

